Component: ARM Compiler 5.06 update 7 (build 960) Tool: armlink [4d3601]

==============================================================================

Section Cross References

    main.o(.text) refers to system.o(.text) for systemInit
    system_stm32f10x.o(.text) refers to system_stm32f10x.o(.data) for .data
    adc.o(.text) refers to stm32f10x_rcc.o(.text) for RCC_APB2PeriphClockCmd
    adc.o(.text) refers to stm32f10x_gpio.o(.text) for GPIO_Init
    adc.o(.text) refers to stm32f10x_adc.o(.text) for ADC_DeInit
    adc.o(.text) refers to delay.o(.text) for delay_ms
    adc.o(.text) refers to dflt_clz.o(x$fpl$dfltu) for __aeabi_ui2d
    adc.o(.text) refers to dmul.o(x$fpl$dmul) for __aeabi_dmul
    adc.o(.text) refers to scalbn.o(x$fpl$scalbn) for __ARM_scalbn
    adc.o(.text) refers to d2f.o(x$fpl$d2f) for __aeabi_d2f
    encoder.o(.text) refers to stm32f10x_rcc.o(.text) for RCC_APB1PeriphClockCmd
    encoder.o(.text) refers to stm32f10x_gpio.o(.text) for GPIO_PinRemapConfig
    encoder.o(.text) refers to stm32f10x_tim.o(.text) for TIM_TimeBaseStructInit
    ioi2c.o(.text) refers to stm32f10x_rcc.o(.text) for RCC_APB2PeriphClockCmd
    ioi2c.o(.text) refers to stm32f10x_gpio.o(.text) for GPIO_Init
    ioi2c.o(.text) refers to delay.o(.text) for delay_us
    led.o(.text) refers to stm32f10x_rcc.o(.text) for RCC_APB2PeriphClockCmd
    led.o(.text) refers to stm32f10x_gpio.o(.text) for GPIO_Init
    led.o(.text) refers to tasks.o(.text) for vTaskDelay
    led.o(.text) refers to system.o(.data) for Flag_Stop
    led.o(.text) refers to led.o(.data) for .data
    motor.o(.text) refers to stm32f10x_rcc.o(.text) for RCC_APB2PeriphClockCmd
    motor.o(.text) refers to stm32f10x_gpio.o(.text) for GPIO_Init
    motor.o(.text) refers to stm32f10x_tim.o(.text) for TIM_TimeBaseInit
    oled.o(.text) refers to stm32f10x_rcc.o(.text) for RCC_APB2PeriphClockCmd
    oled.o(.text) refers to stm32f10x_gpio.o(.text) for GPIO_Init
    oled.o(.text) refers to stm32f10x_pwr.o(.text) for PWR_BackupAccessCmd
    oled.o(.text) refers to stm32f10x_bkp.o(.text) for BKP_TamperPinCmd
    oled.o(.text) refers to delay.o(.text) for delay_ms
    oled.o(.text) refers to oled.o(.bss) for .bss
    oled.o(.text) refers to oled.o(.constdata) for .constdata
    pstwo.o(.text) refers to delay.o(.text) for delay_us
    pstwo.o(.text) refers to fflt_clz.o(x$fpl$ffltu) for __aeabi_ui2f
    pstwo.o(.text) refers to tasks.o(.text) for vTaskDelayUntil
    pstwo.o(.text) refers to stm32f10x_rcc.o(.text) for RCC_APB2PeriphClockCmd
    pstwo.o(.text) refers to stm32f10x_gpio.o(.text) for GPIO_Init
    pstwo.o(.text) refers to pstwo.o(.bss) for .bss
    pstwo.o(.text) refers to pstwo.o(.data) for .data
    pstwo.o(.text) refers to system.o(.data) for PS2_KEY
    pstwo.o(.text) refers to system.o(.data) for PS2_LX
    pstwo.o(.text) refers to system.o(.data) for PS2_LY
    pstwo.o(.text) refers to system.o(.data) for PS2_RX
    pstwo.o(.text) refers to system.o(.data) for PS2_RY
    pstwo.o(.text) refers to system.o(.data) for PS2_ON_Flag
    pstwo.o(.text) refers to system.o(.data) for Remote_ON_Flag
    pstwo.o(.text) refers to system.o(.data) for APP_ON_Flag
    pstwo.o(.text) refers to system.o(.data) for CAN_ON_Flag
    pstwo.o(.text) refers to system.o(.data) for Usart_ON_Flag
    pstwo.o(.text) refers to system.o(.data) for Flag_Stop
    usartx.o(.text) refers to faddsub_clz.o(x$fpl$fadd) for __aeabi_fadd
    usartx.o(.text) refers to scalbnf.o(x$fpl$scalbnf) for __ARM_scalbnf
    usartx.o(.text) refers to fmul.o(x$fpl$fmul) for __aeabi_fmul
    usartx.o(.text) refers to ffix.o(x$fpl$ffix) for __aeabi_f2iz
    usartx.o(.text) refers to faddsub_clz.o(x$fpl$fsub) for __aeabi_fsub
    usartx.o(.text) refers to fdiv.o(x$fpl$fdiv) for __aeabi_fdiv
    usartx.o(.text) refers to delay.o(.text) for getSysTickCnt
    usartx.o(.text) refers to tasks.o(.text) for vTaskDelayUntil
    usartx.o(.text) refers to can.o(.text) for CAN1_Send_Num
    usartx.o(.text) refers to stm32f10x_rcc.o(.text) for RCC_APB2PeriphClockCmd
    usartx.o(.text) refers to stm32f10x_gpio.o(.text) for GPIO_Init
    usartx.o(.text) refers to misc.o(.text) for NVIC_Init
    usartx.o(.text) refers to stm32f10x_usart.o(.text) for USART_Init
    usartx.o(.text) refers to usartx.o(.bss) for .bss
    usartx.o(.text) refers to system.o(.bss) for MOTOR_B
    usartx.o(.text) refers to system.o(.bss) for MOTOR_A
    usartx.o(.text) refers to system.o(.data) for Wheel_spacing
    usartx.o(.text) refers to mpu6050.o(.data) for accel
    usartx.o(.text) refers to system.o(.data) for Flag_Stop
    usartx.o(.text) refers to adc.o(.data) for Voltage
    usartx.o(.text) refers to dflt_clz.o(x$fpl$dflt) for __aeabi_i2d
    usartx.o(.text) refers to dmul.o(x$fpl$dmul) for __aeabi_dmul
    usartx.o(.text) refers to daddsub_clz.o(x$fpl$dadd) for __aeabi_dadd
    usartx.o(.text) refers to d2f.o(x$fpl$d2f) for __aeabi_d2f
    usartx.o(.text) refers to stmflash.o(.text) for Flash_Write
[...]
    ADC_GetConversionValue                   0x08004ee9   Thumb Code     6  stm32f10x_adc.o(.text)
    ADC_GetDualModeConversionValue           0x08004eef   Thumb Code     8  stm32f10x_adc.o(.text)
    ADC_AutoInjectedConvCmd                  0x08004ef7   Thumb Code    20  stm32f10x_adc.o(.text)
    ADC_InjectedDiscModeCmd                  0x08004f0b   Thumb Code    20  stm32f10x_adc.o(.text)
    ADC_ExternalTrigInjectedConvConfig       0x08004f1f   Thumb Code    12  stm32f10x_adc.o(.text)
    ADC_ExternalTrigInjectedConvCmd          0x08004f2b   Thumb Code    20  stm32f10x_adc.o(.text)
    ADC_SoftwareStartInjectedConvCmd         0x08004f3f   Thumb Code    20  stm32f10x_adc.o(.text)
    ADC_GetSoftwareStartInjectedConvCmdStatus 0x08004f53   Thumb Code    14  stm32f10x_adc.o(.text)
    ADC_InjectedChannelConfig                0x08004f61   Thumb Code    74  stm32f10x_adc.o(.text)
    ADC_InjectedSequencerLengthConfig        0x08004fab   Thumb Code    16  stm32f10x_adc.o(.text)
    ADC_SetInjectedOffset                    0x08004fbb   Thumb Code    10  stm32f10x_adc.o(.text)
    ADC_GetInjectedConversionValue           0x08004fc5   Thumb Code    14  stm32f10x_adc.o(.text)
    ADC_AnalogWatchdogCmd                    0x08004fd3   Thumb Code    12  stm32f10x_adc.o(.text)
    ADC_AnalogWatchdogThresholdsConfig       0x08004fdf   Thumb Code     6  stm32f10x_adc.o(.text)
    ADC_AnalogWatchdogSingleChannelConfig    0x08004fe5   Thumb Code    12  stm32f10x_adc.o(.text)
    ADC_TempSensorVrefintCmd                 0x08004ff1   Thumb Code    24  stm32f10x_adc.o(.text)
    ADC_GetFlagStatus                        0x08005009   Thumb Code    14  stm32f10x_adc.o(.text)
    ADC_ClearFlag                            0x08005017   Thumb Code     6  stm32f10x_adc.o(.text)
    ADC_GetITStatus                          0x0800501d   Thumb Code    28  stm32f10x_adc.o(.text)
    ADC_ClearITPendingBit                    0x08005039   Thumb Code     8  stm32f10x_adc.o(.text)
    CAN_DeInit                               0x08005059   Thumb Code    38  stm32f10x_can.o(.text)
    CAN_Init                                 0x0800507f   Thumb Code   232  stm32f10x_can.o(.text)
    CAN_FilterInit                           0x08005167   Thumb Code   194  stm32f10x_can.o(.text)
    CAN_StructInit                           0x08005229   Thumb Code    32  stm32f10x_can.o(.text)
    CAN_SlaveStartBank                       0x08005249   Thumb Code    38  stm32f10x_can.o(.text)
    CAN_DBGFreeze                            0x0800526f   Thumb Code    20  stm32f10x_can.o(.text)
    CAN_TTComModeCmd                         0x08005283   Thumb Code    90  stm32f10x_can.o(.text)
    CAN_Transmit                             0x080052dd   Thumb Code   190  stm32f10x_can.o(.text)
    CAN_TransmitStatus                       0x0800539b   Thumb Code    88  stm32f10x_can.o(.text)
    CAN_CancelTransmit                       0x080053f3   Thumb Code    36  stm32f10x_can.o(.text)
    CAN_Receive                              0x08005417   Thumb Code   176  stm32f10x_can.o(.text)
    CAN_FIFORelease                          0x080054c7   Thumb Code    22  stm32f10x_can.o(.text)
    CAN_MessagePending                       0x080054dd   Thumb Code    22  stm32f10x_can.o(.text)
    CAN_OperatingModeRequest                 0x080054f3   Thumb Code   140  stm32f10x_can.o(.text)
    CAN_Sleep                                0x0800557f   Thumb Code    30  stm32f10x_can.o(.text)
    CAN_WakeUp                               0x0800559d   Thumb Code    40  stm32f10x_can.o(.text)
    CAN_GetLastErrorCode                     0x080055c5   Thumb Code    10  stm32f10x_can.o(.text)
    CAN_GetReceiveErrorCounter               0x080055cf   Thumb Code     6  stm32f10x_can.o(.text)
    CAN_GetLSBTransmitErrorCounter           0x080055d5   Thumb Code     8  stm32f10x_can.o(.text)
    CAN_ITConfig                             0x080055dd   Thumb Code    16  stm32f10x_can.o(.text)
    CAN_GetFlagStatus                        0x080055ed   Thumb Code    52  stm32f10x_can.o(.text)
    CAN_ClearFlag                            0x08005621   Thumb Code    44  stm32f10x_can.o(.text)
    CAN_GetITStatus                          0x0800564d   Thumb Code   162  stm32f10x_can.o(.text)
    CAN_ClearITPendingBit                    0x080056ef   Thumb Code   116  stm32f10x_can.o(.text)
    EXTI_DeInit                              0x08005779   Thumb Code    28  stm32f10x_exti.o(.text)
    EXTI_Init                                0x08005795   Thumb Code   108  stm32f10x_exti.o(.text)
    EXTI_StructInit                          0x08005801   Thumb Code    14  stm32f10x_exti.o(.text)
    EXTI_GenerateSWInterrupt                 0x0800580f   Thumb Code    12  stm32f10x_exti.o(.text)
    EXTI_GetFlagStatus                       0x0800581b   Thumb Code    18  stm32f10x_exti.o(.text)
    EXTI_ClearFlag                           0x0800582d   Thumb Code     8  stm32f10x_exti.o(.text)
    EXTI_GetITStatus                         0x08005835   Thumb Code    28  stm32f10x_exti.o(.text)
    EXTI_ClearITPendingBit                   0x08005851   Thumb Code     8  stm32f10x_exti.o(.text)
    BKP_DeInit                               0x08005861   Thumb Code    18  stm32f10x_bkp.o(.text)
    BKP_TamperPinLevelConfig                 0x08005873   Thumb Code     6  stm32f10x_bkp.o(.text)
    BKP_TamperPinCmd                         0x08005879   Thumb Code     8  stm32f10x_bkp.o(.text)
    BKP_ITConfig                             0x08005881   Thumb Code     8  stm32f10x_bkp.o(.text)
    BKP_RTCOutputConfig                      0x08005889   Thumb Code    14  stm32f10x_bkp.o(.text)
    BKP_SetRTCCalibrationValue               0x08005897   Thumb Code    14  stm32f10x_bkp.o(.text)
    BKP_WriteBackupRegister                  0x080058a5   Thumb Code    14  stm32f10x_bkp.o(.text)
    BKP_ReadBackupRegister                   0x080058b3   Thumb Code    14  stm32f10x_bkp.o(.text)
    BKP_GetFlagStatus                        0x080058c1   Thumb Code    10  stm32f10x_bkp.o(.text)
    BKP_ClearFlag                            0x080058cb   Thumb Code    14  stm32f10x_bkp.o(.text)
    BKP_GetITStatus                          0x080058d9   Thumb Code    10  stm32f10x_bkp.o(.text)
    BKP_ClearITPendingBit                    0x080058e3   Thumb Code    14  stm32f10x_bkp.o(.text)
    PWR_DeInit                               0x080058f9   Thumb Code    24  stm32f10x_pwr.o(.text)
    PWR_BackupAccessCmd                      0x08005911   Thumb Code     6  stm32f10x_pwr.o(.text)
    PWR_PVDCmd                               0x08005917   Thumb Code     6  stm32f10x_pwr.o(.text)
    PWR_PVDLevelConfig                       0x0800591d   Thumb Code    14  stm32f10x_pwr.o(.text)
    PWR_WakeUpPinCmd                         0x0800592b   Thumb Code     8  stm32f10x_pwr.o(.text)
    PWR_EnterSTOPMode                        0x08005933   Thumb Code    42  stm32f10x_pwr.o(.text)
    PWR_EnterSTANDBYMode                     0x0800595d   Thumb Code    32  stm32f10x_pwr.o(.text)
    PWR_GetFlagStatus                        0x0800597d   Thumb Code    16  stm32f10x_pwr.o(.text)
    PWR_ClearFlag                            0x0800598d   Thumb Code    12  stm32f10x_pwr.o(.text)
    vListInitialise                          0x080059a5   Thumb Code    22  list.o(.text)
    vListInitialiseItem                      0x080059bb   Thumb Code     6  list.o(.text)
    vListInsertEnd                           0x080059c1   Thumb Code    24  list.o(.text)
    vListInsert                              0x080059d9   Thumb Code    48  list.o(.text)
    uxListRemove                             0x08005a09   Thumb Code    36  list.o(.text)
    xQueueGenericReset                       0x08005a2d   Thumb Code   128  queue.o(.text)
    xQueueGenericCreate                      0x08005aad   Thumb Code    82  queue.o(.text)
    xQueueGenericSend                        0x08005c4d   Thumb Code   350  queue.o(.text)
    xQueueCreateMutex                        0x08005dab   Thumb Code    36  queue.o(.text)
    xQueueGiveMutexRecursive                 0x08005dcf   Thumb Code    98  queue.o(.text)
    xQueueGenericReceive                     0x08005e57   Thumb Code   356  queue.o(.text)
    xQueueTakeMutexRecursive                 0x08005fbb   Thumb Code    68  queue.o(.text)
    xQueueCreateCountingSemaphore            0x08005fff   Thumb Code    62  queue.o(.text)
    xQueueGenericSendFromISR                 0x0800603d   Thumb Code   200  queue.o(.text)
    xQueueGiveFromISR                        0x08006105   Thumb Code   172  queue.o(.text)
    xQueueReceiveFromISR                     0x080061b1   Thumb Code   150  queue.o(.text)
    xQueuePeekFromISR                        0x08006247   Thumb Code   114  queue.o(.text)
    uxQueueMessagesWaiting                   0x080062b9   Thumb Code    36  queue.o(.text)
    uxQueueSpacesAvailable                   0x080062dd   Thumb Code    40  queue.o(.text)
    uxQueueMessagesWaitingFromISR            0x08006305   Thumb Code    26  queue.o(.text)
    vQueueUnregisterQueue                    0x0800631f   Thumb Code    36  queue.o(.text)
    vQueueDelete                             0x08006343   Thumb Code    38  queue.o(.text)
    uxQueueGetQueueNumber                    0x08006369   Thumb Code     4  queue.o(.text)
    vQueueSetQueueNumber                     0x0800636d   Thumb Code     4  queue.o(.text)
    ucQueueGetQueueType                      0x08006371   Thumb Code     6  queue.o(.text)
    xQueueIsQueueEmptyFromISR                0x08006377   Thumb Code    34  queue.o(.text)
    xQueueIsQueueFullFromISR                 0x08006399   Thumb Code    38  queue.o(.text)
    vQueueAddToRegistry                      0x080063bf   Thumb Code    32  queue.o(.text)
    pcQueueGetName                           0x080063df   Thumb Code    34  queue.o(.text)
    vQueueWaitForMessageRestricted           0x08006401   Thumb Code    68  queue.o(.text)
    xQueueCreateSet                          0x08006445   Thumb Code     8  queue.o(.text)
    xQueueAddToSet                           0x0800644d   Thumb Code    34  queue.o(.text)
    xQueueRemoveFromSet                      0x0800646f   Thumb Code    34  queue.o(.text)
    xQueueSelectFromSet                      0x08006491   Thumb Code    18  queue.o(.text)
    xQueueSelectFromSetFromISR               0x080064a3   Thumb Code    18  queue.o(.text)
    xTaskCreate                              0x08006599   Thumb Code    86  tasks.o(.text)
    vTaskDelete                              0x080065ef   Thumb Code   154  tasks.o(.text)
    xTaskIncrementTick                       0x08006689   Thumb Code   186  tasks.o(.text)
    xTaskResumeAll                           0x08006743   Thumb Code   182  tasks.o(.text)
    vTaskSuspendAll                          0x0800685f   Thumb Code    10  tasks.o(.text)
    vTaskDelayUntil                          0x08006869   Thumb Code   180  tasks.o(.text)
    vTaskDelay                               0x0800691d   Thumb Code    66  tasks.o(.text)
    eTaskGetState                            0x0800695f   Thumb Code    94  tasks.o(.text)
    uxTaskPriorityGet                        0x080069bd   Thumb Code    24  tasks.o(.text)
    uxTaskPriorityGetFromISR                 0x080069d5   Thumb Code    40  tasks.o(.text)
    vTaskPrioritySet                         0x080069fd   Thumb Code   184  tasks.o(.text)
    vTaskSwitchContext                       0x08006ab5   Thumb Code    84  tasks.o(.text)
    vTaskSuspend                             0x08006b09   Thumb Code   156  tasks.o(.text)
    vTaskResume                              0x08006bd5   Thumb Code   116  tasks.o(.text)
    xTaskResumeFromISR                       0x08006c49   Thumb Code   126  tasks.o(.text)
    vTaskStartScheduler                      0x08006ce5   Thumb Code   130  tasks.o(.text)
    vTaskEndScheduler                        0x08006d67   Thumb Code    24  tasks.o(.text)
    xTaskGetTickCount                        0x08006d7f   Thumb Code     6  tasks.o(.text)
    xTaskGetTickCountFromISR                 0x08006d85   Thumb Code    12  tasks.o(.text)
    uxTaskGetNumberOfTasks                   0x08006d91   Thumb Code     6  tasks.o(.text)
    pcTaskGetName                            0x08006d97   Thumb Code    38  tasks.o(.text)
    vTaskGetInfo                             0x08006dbd   Thumb Code   126  tasks.o(.text)
    uxTaskGetSystemState                     0x08006e8f   Thumb Code   156  tasks.o(.text)
    vTaskPlaceOnEventList                    0x08006f2b   Thumb Code    46  tasks.o(.text)
    vTaskPlaceOnUnorderedEventList           0x08006f59   Thumb Code    78  tasks.o(.text)
    vTaskPlaceOnEventListRestricted          0x08006fa7   Thumb Code    54  tasks.o(.text)
    xTaskRemoveFromEventList                 0x08006fdd   Thumb Code   106  tasks.o(.text)
    xTaskRemoveFromUnorderedEventList        0x08007047   Thumb Code   116  tasks.o(.text)
    vTaskSetTimeOutState                     0x080070bb   Thumb Code    34  tasks.o(.text)
    xTaskCheckForTimeOut                     0x080070dd   Thumb Code   114  tasks.o(.text)
    vTaskMissedYield                         0x0800714f   Thumb Code     8  tasks.o(.text)
    uxTaskGetTaskNumber                      0x08007157   Thumb Code     8  tasks.o(.text)
    vTaskSetTaskNumber                       0x0800715f   Thumb Code     8  tasks.o(.text)
    xTaskGetCurrentTaskHandle                0x08007167   Thumb Code     6  tasks.o(.text)
    xTaskGetSchedulerState                   0x0800716d   Thumb Code    22  tasks.o(.text)
    vTaskPriorityInherit                     0x08007183   Thumb Code   124  tasks.o(.text)
    xTaskPriorityDisinherit                  0x080071ff   Thumb Code   144  tasks.o(.text)
    vTaskList                                0x0800728f   Thumb Code   188  tasks.o(.text)
    uxTaskResetEventItemValue                0x0800734b   Thumb Code    20  tasks.o(.text)
    pvTaskIncrementMutexHeldCount            0x0800735f   Thumb Code    18  tasks.o(.text)
    ulTaskNotifyTake                         0x08007371   Thumb Code    96  tasks.o(.text)
    xTaskNotifyWait                          0x080073d1   Thumb Code   128  tasks.o(.text)
    xTaskGenericNotify                       0x08007451   Thumb Code   190  tasks.o(.text)
    xTaskGenericNotifyFromISR                0x0800750f   Thumb Code   256  tasks.o(.text)
    vTaskNotifyGiveFromISR                   0x0800760f   Thumb Code   168  tasks.o(.text)
    xTaskNotifyStateClear                    0x080076b7   Thumb Code    44  tasks.o(.text)
    xTimerGenericCommand                     0x08007859   Thumb Code    98  timers.o(.text)
    xTimerCreateTimerTask                    0x080079df   Thumb Code    58  timers.o(.text)
    xTimerCreate                             0x08007a19   Thumb Code    72  timers.o(.text)
    xTimerGetTimerDaemonTaskHandle           0x08007a61   Thumb Code    24  timers.o(.text)
    xTimerGetPeriod                          0x08007a79   Thumb Code    22  timers.o(.text)
    xTimerGetExpiryTime                      0x08007a8f   Thumb Code    22  timers.o(.text)
    pcTimerGetName                           0x08007aa5   Thumb Code    22  timers.o(.text)
    xTimerIsTimerActive                      0x08007abb   Thumb Code    40  timers.o(.text)
    pvTimerGetTimerID                        0x08007ae3   Thumb Code    32  timers.o(.text)
    vTimerSetTimerID                         0x08007b03   Thumb Code    34  timers.o(.text)
    xTimerPendFunctionCallFromISR            0x08007b25   Thumb Code    34  timers.o(.text)
    xTimerPendFunctionCall                   0x08007b47   Thumb Code    60  timers.o(.text)
    pxPortInitialiseStack                    0x08007d5f   Thumb Code    32  port.o(.text)
    vPortSetupTimerInterrupt                 0x08007d7f   Thumb Code    26  port.o(.text)
    xPortStartScheduler                      0x08007d99   Thumb Code   108  port.o(.text)
    vPortEndScheduler                        0x08007e05   Thumb Code    24  port.o(.text)
    vPortEnterCritical                       0x08007e1d   Thumb Code    52  port.o(.text)
    vPortExitCritical                        0x08007e51   Thumb Code    34  port.o(.text)
    xPortSysTickHandler                      0x08007e73   Thumb Code    40  port.o(.text)
    vPortValidateInterruptPriority           0x08007e9b   Thumb Code    72  port.o(.text)
    pvPortMalloc                             0x08007f7d   Thumb Code   214  heap_4.o(.text)
    vPortFree                                0x08008053   Thumb Code    96  heap_4.o(.text)
    xPortGetFreeHeapSize                     0x080080b3   Thumb Code     8  heap_4.o(.text)
    xPortGetMinimumEverFreeHeapSize          0x080080bb   Thumb Code     8  heap_4.o(.text)
    vPortInitialiseBlocks                    0x080080c3   Thumb Code     2  heap_4.o(.text)
    systemInit                               0x08008149   Thumb Code   132  system.o(.text)
    oled_show                                0x080081cd   Thumb Code   816  show.o(.text)
    APP_Show                                 0x080084fd   Thumb Code   522  show.o(.text)
    MPU6050_newValues                        0x08008781   Thumb Code   256  mpu6050.o(.text)
    MPU6050_setClockSource                   0x08008881   Thumb Code    18  mpu6050.o(.text)
    MPU6050_setFullScaleGyroRange            0x08008893   Thumb Code    18  mpu6050.o(.text)
    MPU6050_setFullScaleAccelRange           0x080088a5   Thumb Code    18  mpu6050.o(.text)
    MPU6050_setSleepEnabled                  0x080088b7   Thumb Code    12  mpu6050.o(.text)
    MPU6050_getDeviceID                      0x080088c3   Thumb Code    24  mpu6050.o(.text)
    MPU6050_testConnection                   0x080088db   Thumb Code    18  mpu6050.o(.text)
    MPU6050_setI2CMasterModeEnabled          0x080088ed   Thumb Code    12  mpu6050.o(.text)
    MPU6050_setI2CBypassEnabled              0x080088f9   Thumb Code    12  mpu6050.o(.text)
    MPU6050_initialize                       0x08008905   Thumb Code    40  mpu6050.o(.text)
    DMP_Init                                 0x0800892d   Thumb Code   210  mpu6050.o(.text)
    Read_DMP                                 0x080089ff   Thumb Code   840  mpu6050.o(.text)
    Angle_filter                             0x08008d47   Thumb Code   278  mpu6050.o(.text)
    Balance                                  0x08008f11   Thumb Code    64  balance.o(.text)
    Balance_V                                0x08008f51   Thumb Code   202  balance.o(.text)
    Key                                      0x0800901b   Thumb Code    46  balance.o(.text)
    Limit_data                               0x08009049   Thumb Code    50  balance.o(.text)
    PS2_control                              0x0800907b   Thumb Code   272  balance.o(.text)
    target_limit_int                         0x0800918b   Thumb Code    16  balance.o(.text)
    Remote_Control                           0x0800919b   Thumb Code   252  balance.o(.text)
    Get_RC                                   0x08009297   Thumb Code   328  balance.o(.text)
    Turn_Off                                 0x080093df   Thumb Code    38  balance.o(.text)
    EXTI15_10_IRQHandler                     0x08009405   Thumb Code   578  balance.o(.text)
    target_limit_float                       0x08009647   Thumb Code    36  balance.o(.text)
    Incremental_PI_Move                      0x0800966b   Thumb Code    80  balance.o(.text)
    Incremental_PI_Turn                      0x080096bb   Thumb Code    82  balance.o(.text)
    myabs                                    0x0800970d   Thumb Code     8  balance.o(.text)
    float_abs                                0x08009715   Thumb Code    12  balance.o(.text)
    Get_Velocity_Form_Encoder                0x08009721   Thumb Code    62  balance.o(.text)
    Smooth_steering                          0x0800975f   Thumb Code    50  balance.o(.text)
    Mean_Filter                              0x08009791   Thumb Code   206  balance.o(.text)
    Mean_Filter_gyro                         0x0800985f   Thumb Code    56  balance.o(.text)
    MPU6050_EXTI_Init                        0x08009897   Thumb Code   100  balance.o(.text)
    Robot_Init                               0x08009905   Thumb Code    50  robot_select_init.o(.text)
    Robot_Select                             0x08009937   Thumb Code    20  robot_select_init.o(.text)
    mpu_reg_dump                             0x080099b9   Thumb Code    58  inv_mpu.o(.text)
    mpu_read_reg                             0x080099f3   Thumb Code    52  inv_mpu.o(.text)
    mpu_set_int_latched                      0x08009a27   Thumb Code    94  inv_mpu.o(.text)
    mpu_set_sensors                          0x08009a85   Thumb Code   178  inv_mpu.o(.text)
    mpu_set_bypass                           0x08009b37   Thumb Code   212  inv_mpu.o(.text)
    mpu_reset_fifo                           0x08009c0b   Thumb Code   334  inv_mpu.o(.text)
    mpu_configure_fifo                       0x08009d59   Thumb Code    84  inv_mpu.o(.text)
    mpu_set_lpf                              0x08009dad   Thumb Code   102  inv_mpu.o(.text)
    mpu_lp_accel_mode                        0x08009e13   Thumb Code   178  inv_mpu.o(.text)
    mpu_set_sample_rate                      0x08009ec5   Thumb Code   116  inv_mpu.o(.text)
    mpu_set_accel_fsr                        0x08009f39   Thumb Code    98  inv_mpu.o(.text)
    mpu_set_gyro_fsr                         0x08009f9b   Thumb Code   104  inv_mpu.o(.text)
    mpu_init                                 0x0800a003   Thumb Code   310  inv_mpu.o(.text)
    myget_ms                                 0x0800a139   Thumb Code     2  inv_mpu.o(.text)
    mpu_get_gyro_reg                         0x0800a13b   Thumb Code   152  inv_mpu.o(.text)
    mpu_get_accel_reg                        0x0800a1d3   Thumb Code    66  inv_mpu.o(.text)
    mpu_get_temperature                      0x0800a215   Thumb Code   104  inv_mpu.o(.text)
    mpu_set_accel_bias                       0x0800a27d   Thumb Code   214  inv_mpu.o(.text)
    mpu_get_gyro_fsr                         0x0800a353   Thumb Code    48  inv_mpu.o(.text)
    mpu_get_accel_fsr                        0x0800a383   Thumb Code    54  inv_mpu.o(.text)
    mpu_get_lpf                              0x0800a3b9   Thumb Code    52  inv_mpu.o(.text)
    mpu_get_sample_rate                      0x0800a3ed   Thumb Code    22  inv_mpu.o(.text)
    mpu_get_compass_sample_rate              0x0800a403   Thumb Code     8  inv_mpu.o(.text)
    mpu_set_compass_sample_rate              0x0800a40b   Thumb Code     6  inv_mpu.o(.text)
    mpu_get_gyro_sens                        0x0800a411   Thumb Code    44  inv_mpu.o(.text)
    mpu_get_accel_sens                       0x0800a43d   Thumb Code    62  inv_mpu.o(.text)
    mpu_get_fifo_config                      0x0800a47b   Thumb Code    10  inv_mpu.o(.text)
    mpu_get_power_state                      0x0800a485   Thumb Code    14  inv_mpu.o(.text)
    mpu_get_int_status                       0x0800a493   Thumb Code    48  inv_mpu.o(.text)
    mpu_read_fifo                            0x0800a4c3   Thumb Code   362  inv_mpu.o(.text)
    mpu_read_fifo_stream                     0x0800a62d   Thumb Code   138  inv_mpu.o(.text)
    mpu_set_int_level                        0x0800a6b7   Thumb Code    10  inv_mpu.o(.text)
    mpu_set_dmp_state                        0x0800a9cf   Thumb Code   120  inv_mpu.o(.text)
    mpu_run_self_test                        0x0800aa47   Thumb Code   234  inv_mpu.o(.text)
    mpu_write_mem                            0x0800ab31   Thumb Code    80  inv_mpu.o(.text)
    mpu_read_mem                             0x0800ab81   Thumb Code    80  inv_mpu.o(.text)
    mpu_load_firmware                        0x0800abd1   Thumb Code   158  inv_mpu.o(.text)
    mpu_get_dmp_state                        0x0800ac6f   Thumb Code    12  inv_mpu.o(.text)
    mpu_get_compass_reg                      0x0800ac7b   Thumb Code     6  inv_mpu.o(.text)
    mpu_get_compass_fsr                      0x0800ac81   Thumb Code     6  inv_mpu.o(.text)
    mpu_lp_motion_interrupt                  0x0800ac87   Thumb Code   434  inv_mpu.o(.text)
    dmp_load_motion_driver_firmware          0x0800b029   Thumb Code    16  inv_mpu_dmp_motion_driver.o(.text)
    dmp_set_orientation                      0x0800b039   Thumb Code   246  inv_mpu_dmp_motion_driver.o(.text)
    dmp_set_gyro_bias                        0x0800b12f   Thumb Code   196  inv_mpu_dmp_motion_driver.o(.text)
    dmp_set_accel_bias                       0x0800b1f3   Thumb Code   206  inv_mpu_dmp_motion_driver.o(.text)
    dmp_set_fifo_rate                        0x0800b2c1   Thumb Code    82  inv_mpu_dmp_motion_driver.o(.text)
    dmp_get_fifo_rate                        0x0800b313   Thumb Code    10  inv_mpu_dmp_motion_driver.o(.text)
    dmp_set_tap_thresh                       0x0800b31d   Thumb Code   340  inv_mpu_dmp_motion_driver.o(.text)
    dmp_set_tap_axes                         0x0800b471   Thumb Code    64  inv_mpu_dmp_motion_driver.o(.text)
    dmp_set_tap_count                        0x0800b4b1   Thumb Code    34  inv_mpu_dmp_motion_driver.o(.text)
    dmp_set_tap_time                         0x0800b4d3   Thumb Code    32  inv_mpu_dmp_motion_driver.o(.text)
    dmp_set_tap_time_multi                   0x0800b4f3   Thumb Code    32  inv_mpu_dmp_motion_driver.o(.text)
    dmp_set_shake_reject_thresh              0x0800b513   Thumb Code    48  inv_mpu_dmp_motion_driver.o(.text)
    dmp_set_shake_reject_time                0x0800b543   Thumb Code    32  inv_mpu_dmp_motion_driver.o(.text)
    dmp_set_shake_reject_timeout             0x0800b563   Thumb Code    32  inv_mpu_dmp_motion_driver.o(.text)
    dmp_get_pedometer_step_count             0x0800b583   Thumb Code    56  inv_mpu_dmp_motion_driver.o(.text)
    dmp_set_pedometer_step_count             0x0800b5bb   Thumb Code    38  inv_mpu_dmp_motion_driver.o(.text)
    dmp_get_pedometer_walk_time              0x0800b5e1   Thumb Code    62  inv_mpu_dmp_motion_driver.o(.text)
    dmp_set_pedometer_walk_time              0x0800b61f   Thumb Code    44  inv_mpu_dmp_motion_driver.o(.text)
    dmp_enable_6x_lp_quat                    0x0800b64b   Thumb Code    58  inv_mpu_dmp_motion_driver.o(.text)
    dmp_enable_lp_quat                       0x0800b685   Thumb Code    58  inv_mpu_dmp_motion_driver.o(.text)
    dmp_enable_gyro_cal                      0x0800b6bf   Thumb Code    32  inv_mpu_dmp_motion_driver.o(.text)
    dmp_enable_feature                       0x0800b6df   Thumb Code   468  inv_mpu_dmp_motion_driver.o(.text)
    dmp_get_enabled_features                 0x0800b8b3   Thumb Code    10  inv_mpu_dmp_motion_driver.o(.text)
    dmp_set_interrupt_mode                   0x0800b8bd   Thumb Code    60  inv_mpu_dmp_motion_driver.o(.text)
    dmp_read_fifo                            0x0800b8f9   Thumb Code   356  inv_mpu_dmp_motion_driver.o(.text)
    dmp_register_tap_cb                      0x0800ba5d   Thumb Code     8  inv_mpu_dmp_motion_driver.o(.text)
    dmp_register_android_orient_cb           0x0800ba65   Thumb Code     8  inv_mpu_dmp_motion_driver.o(.text)
    Kalman_Filter                            0x0800baa5   Thumb Code   352  filter.o(.text)
    Yijielvbo                                0x0800bc05   Thumb Code   102  filter.o(.text)
    __use_no_semihosting                     0x0800bc7d   Thumb Code     2  use_no_semi_2.o(.text)
    __aeabi_ldivmod                          0x0800bc7f   Thumb Code     0  llsdiv.o(.text)
    _ll_sdiv                                 0x0800bc7f   Thumb Code    72  llsdiv.o(.text)
    __2printf                                0x0800bcc9   Thumb Code    20  noretval__2printf.o(.text)
    __2sprintf                               0x0800bce1   Thumb Code    34  noretval__2sprintf.o(.text)
    __printf                                 0x0800bd09   Thumb Code   104  __printf.o(.text)
    _printf_str                              0x0800bd71   Thumb Code    82  _printf_str.o(.text)
    _printf_int_dec                          0x0800bdc5   Thumb Code   104  _printf_dec.o(.text)
    memcmp                                   0x0800be3d   Thumb Code    88  memcmp.o(.text)
    strcpy                                   0x0800be95   Thumb Code    72  strcpy.o(.text)
    strlen                                   0x0800bedd   Thumb Code    62  strlen.o(.text)
    __aeabi_memcpy                           0x0800bf1b   Thumb Code     0  rt_memcpy_v6.o(.text)
    __rt_memcpy                              0x0800bf1b   Thumb Code   138  rt_memcpy_v6.o(.text)
    _memcpy_lastbytes                        0x0800bf81   Thumb Code     0  rt_memcpy_v6.o(.text)
    __aeabi_memcpy4                          0x0800bfa5   Thumb Code     0  rt_memcpy_w.o(.text)
    __aeabi_memcpy8                          0x0800bfa5   Thumb Code     0  rt_memcpy_w.o(.text)
    __rt_memcpy_w                            0x0800bfa5   Thumb Code   100  rt_memcpy_w.o(.text)
    _memcpy_lastbytes_aligned                0x0800bfed   Thumb Code     0  rt_memcpy_w.o(.text)
    __aeabi_memset                           0x0800c009   Thumb Code    16  aeabi_memset.o(.text)
    __aeabi_memclr4                          0x0800c019   Thumb Code     0  rt_memclr_w.o(.text)
    __aeabi_memclr8                          0x0800c019   Thumb Code     0  rt_memclr_w.o(.text)
    __rt_memclr_w                            0x0800c019   Thumb Code    78  rt_memclr_w.o(.text)
    _memset_w                                0x0800c01d   Thumb Code     0  rt_memclr_w.o(.text)
    __use_two_region_memory                  0x0800c067   Thumb Code     2  heapauxi.o(.text)
    __rt_heap_escrow$2region                 0x0800c069   Thumb Code     2  heapauxi.o(.text)
    __rt_heap_expand$2region                 0x0800c06b   Thumb Code     2  heapauxi.o(.text)
    __I$use$semihosting                      0x0800c06d   Thumb Code     0  use_no_semi.o(.text)
    __use_no_semihosting_swi                 0x0800c06d   Thumb Code     2  use_no_semi.o(.text)
    __aeabi_uldivmod                         0x0800c06f   Thumb Code     0  lludivv7m.o(.text)
    _ll_udiv                                 0x0800c06f   Thumb Code   238  lludivv7m.o(.text)
    __read_errno                             0x0800c15d   Thumb Code    10  _rserrno.o(.text)
    __set_errno                              0x0800c167   Thumb Code    12  _rserrno.o(.text)
    _printf_int_common                       0x0800c173   Thumb Code   178  _printf_intcommon.o(.text)
    _printf_char_common                      0x0800c22f   Thumb Code    32  _printf_char_common.o(.text)
    _sputc                                   0x0800c255   Thumb Code    10  _sputc.o(.text)
    _printf_cs_common                        0x0800c25f   Thumb Code    20  _printf_char.o(.text)
    _printf_char                             0x0800c273   Thumb Code    16  _printf_char.o(.text)
    _printf_string                           0x0800c283   Thumb Code     8  _printf_char.o(.text)
    _printf_char_file                        0x0800c28d   Thumb Code    32  _printf_char_file.o(.text)
    __aeabi_memclr                           0x0800c2b1   Thumb Code     0  rt_memclr.o(.text)
    __rt_memclr                              0x0800c2b1   Thumb Code    68  rt_memclr.o(.text)
    _memset                                  0x0800c2b5   Thumb Code     0  rt_memclr.o(.text)
    __aeabi_errno_addr                       0x0800c2f5   Thumb Code     8  rt_errno_addr_intlibspace.o(.text)
    __errno$intlibspace                      0x0800c2f5   Thumb Code     0  rt_errno_addr_intlibspace.o(.text)
    __rt_errno_addr$intlibspace              0x0800c2f5   Thumb Code     0  rt_errno_addr_intlibspace.o(.text)
    ferror                                   0x0800c2fd   Thumb Code     8  ferror.o(.text)
    __user_libspace                          0x0800c305   Thumb Code     8  libspace.o(.text)
    __user_perproc_libspace                  0x0800c305   Thumb Code     0  libspace.o(.text)
    __user_perthread_libspace                0x0800c305   Thumb Code     0  libspace.o(.text)
    __user_setup_stackheap                   0x0800c30d   Thumb Code    74  sys_stackheap_outer.o(.text)
    exit                                     0x0800c357   Thumb Code    18  exit.o(.text)
    __ARM_fpclassify                         0x0800c369   Thumb Code    40  fpclassify.o(i.__ARM_fpclassify)
    __kernel_poly                            0x0800c391   Thumb Code   170  poly.o(i.__kernel_poly)
    __mathlib_dbl_divzero                    0x0800c43d   Thumb Code    12  dunder.o(i.__mathlib_dbl_divzero)
    __mathlib_dbl_infnan                     0x0800c44d   Thumb Code     6  dunder.o(i.__mathlib_dbl_infnan)
    __mathlib_dbl_infnan2                    0x0800c453   Thumb Code     4  dunder.o(i.__mathlib_dbl_infnan2)
    __mathlib_dbl_invalid                    0x0800c457   Thumb Code    12  dunder.o(i.__mathlib_dbl_invalid)
    __mathlib_dbl_overflow                   0x0800c463   Thumb Code    14  dunder.o(i.__mathlib_dbl_overflow)
    __mathlib_dbl_underflow                  0x0800c471   Thumb Code    10  dunder.o(i.__mathlib_dbl_underflow)
    asin                                     0x0800c481   Thumb Code   572  asin.o(i.asin)
    atan                                     0x0800c6f1   Thumb Code   474  atan.o(i.atan)
    atan2                                    0x0800c911   Thumb Code   374  atan2.o(i.atan2)
    pow                                      0x0800caad   Thumb Code  2512  pow.o(i.pow)
    sqrt                                     0x0800d485   Thumb Code    76  sqrt.o(i.sqrt)
    __aeabi_d2f                              0x0800d4d1   Thumb Code     0  d2f.o(x$fpl$d2f)
    _d2f                                     0x0800d4d1   Thumb Code    98  d2f.o(x$fpl$d2f)
    __aeabi_dadd                             0x0800d535   Thumb Code     0  daddsub_clz.o(x$fpl$dadd)
    _dadd                                    0x0800d535   Thumb Code   332  daddsub_clz.o(x$fpl$dadd)
    __fpl_dcheck_NaN1                        0x0800d685   Thumb Code    10  dcheck1.o(x$fpl$dcheck1)
    __fpl_dcmp_Inf                           0x0800d695   Thumb Code    24  dcmpi.o(x$fpl$dcmpinf)
    __aeabi_ddiv                             0x0800d6ad   Thumb Code     0  ddiv.o(x$fpl$ddiv)
    _ddiv                                    0x0800d6ad   Thumb Code   552  ddiv.o(x$fpl$ddiv)
    __aeabi_cdcmpeq                          0x0800d95d   Thumb Code     0  deqf.o(x$fpl$deqf)
    _dcmpeq                                  0x0800d95d   Thumb Code   120  deqf.o(x$fpl$deqf)
    __aeabi_i2d                              0x0800d9d5   Thumb Code     0  dflt_clz.o(x$fpl$dflt)
    _dflt                                    0x0800d9d5   Thumb Code    46  dflt_clz.o(x$fpl$dflt)
    __aeabi_ui2d                             0x0800da03   Thumb Code     0  dflt_clz.o(x$fpl$dfltu)
    _dfltu                                   0x0800da03   Thumb Code    38  dflt_clz.o(x$fpl$dfltu)
    __aeabi_cdcmple                          0x0800da29   Thumb Code     0  dleqf.o(x$fpl$dleqf)
    _dcmple                                  0x0800da29   Thumb Code   120  dleqf.o(x$fpl$dleqf)
    __fpl_dcmple_InfNaN                      0x0800da8b   Thumb Code     0  dleqf.o(x$fpl$dleqf)
    __aeabi_dmul                             0x0800daa1   Thumb Code     0  dmul.o(x$fpl$dmul)
    _dmul                                    0x0800daa1   Thumb Code   332  dmul.o(x$fpl$dmul)
    __fpl_dnaninf                            0x0800dbf5   Thumb Code   156  dnaninf.o(x$fpl$dnaninf)
    __fpl_dretinf                            0x0800dc91   Thumb Code    12  dretinf.o(x$fpl$dretinf)
    __aeabi_cdrcmple                         0x0800dc9d   Thumb Code     0  drleqf.o(x$fpl$drleqf)
    _drcmple                                 0x0800dc9d   Thumb Code   108  drleqf.o(x$fpl$drleqf)
    __aeabi_drsub                            0x0800dd09   Thumb Code     0  daddsub_clz.o(x$fpl$drsb)
    _drsb                                    0x0800dd09   Thumb Code    22  daddsub_clz.o(x$fpl$drsb)
    _dsqrt                                   0x0800dd21   Thumb Code   456  dsqrt_noumaal.o(x$fpl$dsqrt)
    __aeabi_dsub                             0x0800deed   Thumb Code     0  daddsub_clz.o(x$fpl$dsub)
    _dsub                                    0x0800deed   Thumb Code   464  daddsub_clz.o(x$fpl$dsub)
    __aeabi_f2d                              0x0800e0c1   Thumb Code     0  f2d.o(x$fpl$f2d)
    _f2d                                     0x0800e0c1   Thumb Code    86  f2d.o(x$fpl$f2d)
    __aeabi_fadd                             0x0800e119   Thumb Code     0  faddsub_clz.o(x$fpl$fadd)
    _fadd                                    0x0800e119   Thumb Code   196  faddsub_clz.o(x$fpl$fadd)
    __fpl_fcheck_NaN1                        0x0800e1dd   Thumb Code     6  fcheck1.o(x$fpl$fcheck1)
    __fpl_fcmp_Inf                           0x0800e1e9   Thumb Code    24  fcmpi.o(x$fpl$fcmpinf)
    __aeabi_fdiv                             0x0800e201   Thumb Code     0  fdiv.o(x$fpl$fdiv)
    _fdiv                                    0x0800e201   Thumb Code   384  fdiv.o(x$fpl$fdiv)
    __aeabi_f2iz                             0x0800e385   Thumb Code     0  ffix.o(x$fpl$ffix)
    _ffix                                    0x0800e385   Thumb Code    54  ffix.o(x$fpl$ffix)
    __aeabi_f2uiz                            0x0800e3bd   Thumb Code     0  ffixu.o(x$fpl$ffixu)
    _ffixu                                   0x0800e3bd   Thumb Code    62  ffixu.o(x$fpl$ffixu)
    __aeabi_i2f                              0x0800e3fd   Thumb Code     0  fflt_clz.o(x$fpl$fflt)
    _fflt                                    0x0800e3fd   Thumb Code    48  fflt_clz.o(x$fpl$fflt)
    __aeabi_ui2f                             0x0800e42d   Thumb Code     0  fflt_clz.o(x$fpl$ffltu)
    _ffltu                                   0x0800e42d   Thumb Code    38  fflt_clz.o(x$fpl$ffltu)
    __aeabi_cfcmple                          0x0800e455   Thumb Code     0  fleqf.o(x$fpl$fleqf)
    _fcmple                                  0x0800e455   Thumb Code   104  fleqf.o(x$fpl$fleqf)
    __fpl_fcmple_InfNaN                      0x0800e4a7   Thumb Code     0  fleqf.o(x$fpl$fleqf)
    __aeabi_fmul                             0x0800e4bd   Thumb Code     0  fmul.o(x$fpl$fmul)
    _fmul                                    0x0800e4bd   Thumb Code   258  fmul.o(x$fpl$fmul)
    __fpl_fnaninf                            0x0800e5bf   Thumb Code   140  fnaninf.o(x$fpl$fnaninf)
    __fpl_fretinf                            0x0800e64b   Thumb Code    10  fretinf.o(x$fpl$fretinf)
    __aeabi_cfrcmple                         0x0800e655   Thumb Code     0  frleqf.o(x$fpl$frleqf)
    _frcmple                                 0x0800e655   Thumb Code    98  frleqf.o(x$fpl$frleqf)
    __aeabi_frsub                            0x0800e6b7   Thumb Code     0  faddsub_clz.o(x$fpl$frsb)
    _frsb                                    0x0800e6b7   Thumb Code    20  faddsub_clz.o(x$fpl$frsb)
    __aeabi_fsub                             0x0800e6cd   Thumb Code     0  faddsub_clz.o(x$fpl$fsub)
    _fsub                                    0x0800e6cd   Thumb Code   234  faddsub_clz.o(x$fpl$fsub)
    __fpl_return_NaN                         0x0800e7b7   Thumb Code   100  retnan.o(x$fpl$retnan)
    __ARM_scalbn                             0x0800e81b   Thumb Code    92  scalbn.o(x$fpl$scalbn)
    __ARM_scalbnf                            0x0800e877   Thumb Code    76  scalbnf.o(x$fpl$scalbnf)
    __fpl_cmpreturn                          0x0800e8c3   Thumb Code    48  trapv.o(x$fpl$trapveneer)
    __I$use$fp                               0x0800e8f2   Number         0  usenofp.o(x$fpl$usenofp)
    oled_asc2_1206                           0x0800e8f2   Data        1140  oled.o(.constdata)
    oled_asc2_1608                           0x0800ed66   Data        1520  oled.o(.constdata)
    Hzk16                                    0x0800f356   Data        2624  oled.o(.constdata)
    hw                                       0x0800fd96   Data          12  inv_mpu.o(.constdata)
    reg                                      0x0800fda2   Data          27  inv_mpu.o(.constdata)
    test                                     0x0800fdc0   Data          40  inv_mpu.o(.constdata)
    __mathlib_zero                           0x08010b50   Data           8  qnan.o(.constdata)
    Region$$Table$$Base                      0x08010ba8   Number         0  anon$$obj.o(Region$$Table)
    Region$$Table$$Limit                     0x08010bc8   Number         0  anon$$obj.o(Region$$Table)
    SystemCoreClock                          0x20000000   Data           4  system_stm32f10x.o(.data)
    AHBPrescTable                            0x20000004   Data          16  system_stm32f10x.o(.data)
    Voltage                                  0x20000014   Data           4  adc.o(.data)
    Voltage_Count                            0x20000018   Data           4  adc.o(.data)
    Voltage_All                              0x2000001c   Data           4  adc.o(.data)
    Led_Count                                0x20000020   Data           4  led.o(.data)
    Comd                                     0x20000024   Data           2  pstwo.o(.data)
    Handkey                                  0x20000026   Data           2  pstwo.o(.data)
    MASK                                     0x20000028   Data          32  pstwo.o(.data)
    TIM1CH1_CAPTURE_STA                      0x2000005c   Data           1  timer.o(.data)
    TIM1CH2_CAPTURE_STA                      0x2000005d   Data           1  timer.o(.data)
    TIM1CH3_CAPTURE_STA                      0x2000005e   Data           1  timer.o(.data)
    TIM1CH4_CAPTURE_STA                      0x2000005f   Data           1  timer.o(.data)
    TIM1CH1_CAPTURE_UPVAL                    0x20000060   Data           2  timer.o(.data)
    TIM1CH1_CAPTURE_DOWNVAL                  0x20000062   Data           2  timer.o(.data)
    TIM1CH2_CAPTURE_UPVAL                    0x20000064   Data           2  timer.o(.data)
    TIM1CH2_CAPTURE_DOWNVAL                  0x20000066   Data           2  timer.o(.data)
    TIM1CH3_CAPTURE_UPVAL                    0x20000068   Data           2  timer.o(.data)
    TIM1CH3_CAPTURE_DOWNVAL                  0x2000006a   Data           2  timer.o(.data)
    TIM1CH4_CAPTURE_UPVAL                    0x2000006c   Data           2  timer.o(.data)
    TIM1CH4_CAPTURE_DOWNVAL                  0x2000006e   Data           2  timer.o(.data)
    Remoter_Ch1                              0x20000070   Data           4  timer.o(.data)
    Remoter_Ch2                              0x20000074   Data           4  timer.o(.data)
    Remoter_Ch3                              0x20000078   Data           4  timer.o(.data)
    Remoter_Ch4                              0x2000007c   Data           4  timer.o(.data)
    L_Remoter_Ch1                            0x20000080   Data           4  timer.o(.data)
    L_Remoter_Ch2                            0x20000084   Data           4  timer.o(.data)
    L_Remoter_Ch3                            0x20000088   Data           4  timer.o(.data)
    L_Remoter_Ch4                            0x2000008c   Data           4  timer.o(.data)
    TIM1_T1                                  0x20000090   Data           4  timer.o(.data)
    TIM1_T2                                  0x20000094   Data           4  timer.o(.data)
    TIM1_T3                                  0x20000098   Data           4  timer.o(.data)
    TIM1_T4                                  0x2000009c   Data           4  timer.o(.data)
    CAN_ERROR                                0x200000a0   Data           4  can.o(.data)
    CAN_ERROR_TIMES                          0x200000a4   Data           4  can.o(.data)
    Encoder_count                            0x200000a8   Data           4  can.o(.data)
    acc_time                                 0x200000ac   Data           4  hubdrivercan.o(.data)
    __stdout                                 0x200000b8   Data           4  usart.o(.data)
    pxCurrentTCB                             0x200000d0   Data           4  tasks.o(.data)
    Flag_Stop                                0x20000144   Data           1  system.o(.data)
    Last_Flag_Stop                           0x20000145   Data           1  system.o(.data)
    RC_Velocity                              0x20000148   Data           4  system.o(.data)
    Balance_Kp                               0x2000014c   Data           4  system.o(.data)
    Balance_Kd                               0x20000150   Data           4  system.o(.data)
    Balance_V_KP                             0x20000154   Data           4  system.o(.data)
    Balance_V_KI                             0x20000158   Data           4  system.o(.data)
    Angle_Zero                               0x2000015c   Data           4  system.o(.data)
    rpm_max                                  0x20000160   Data           4  system.o(.data)
    Encoder_Integral_Max                     0x20000164   Data           4  system.o(.data)
    PS2_ON_Flag                              0x20000168   Data           1  system.o(.data)
    APP_ON_Flag                              0x20000169   Data           1  system.o(.data)
    Remote_ON_Flag                           0x2000016a   Data           1  system.o(.data)
    CAN_ON_Flag                              0x2000016b   Data           1  system.o(.data)
    Usart_ON_Flag                            0x2000016c   Data           1  system.o(.data)
    Flag_Direction                           0x2000016d   Data           1  system.o(.data)
    Move_X                                   0x20000170   Data           4  system.o(.data)
    Move_Y                                   0x20000174   Data           4  system.o(.data)
    Move_Z                                   0x20000178   Data           4  system.o(.data)
    Encoder_precision                        0x2000017c   Data           4  system.o(.data)
    Wheel_perimeter                          0x20000180   Data           4  system.o(.data)
    Wheel_spacing                            0x20000184   Data           4  system.o(.data)
    Flag_Left                                0x20000188   Data           1  system.o(.data)
    Flag_Right                               0x20000189   Data           1  system.o(.data)
    Turn_Flag                                0x2000018a   Data           1  system.o(.data)
    PID_Send                                 0x2000018b   Data           1  system.o(.data)
    PS2_LX                                   0x2000018c   Data           4  system.o(.data)
    PS2_LY                                   0x20000190   Data           4  system.o(.data)
    PS2_RX                                   0x20000194   Data           4  system.o(.data)
    PS2_RY                                   0x20000198   Data           4  system.o(.data)
    PS2_KEY                                  0x2000019c   Data           4  system.o(.data)
    Voltage_Show                             0x200001a8   Data           4  show.o(.data)
    sensors                                  0x200001ac   Data           2  mpu6050.o(.data)
    q0                                       0x200001b0   Data           4  mpu6050.o(.data)
    q1                                       0x200001b4   Data           4  mpu6050.o(.data)
    q2                                       0x200001b8   Data           4  mpu6050.o(.data)
    q3                                       0x200001bc   Data           4  mpu6050.o(.data)
    Pitch                                    0x200001c0   Data           4  mpu6050.o(.data)
    Roll                                     0x200001c4   Data           4  mpu6050.o(.data)
    Yaw                                      0x200001c8   Data           4  mpu6050.o(.data)
    last_Pitch                               0x200001cc   Data           4  mpu6050.o(.data)
    Angle_filtered                           0x200001d0   Data           4  mpu6050.o(.data)
    Gyro_Balance                             0x200001d4   Data           4  mpu6050.o(.data)
    Gyro_Turn                                0x200001d8   Data           4  mpu6050.o(.data)
    Acceleration_Z                           0x200001dc   Data           4  mpu6050.o(.data)
    gyro                                     0x200001e0   Data           6  mpu6050.o(.data)
    accel                                    0x200001e6   Data           6  mpu6050.o(.data)
    last_gyro                                0x200001ec   Data           6  mpu6050.o(.data)
    Deviation_Pitch                          0x200001fc   Data           4  mpu6050.o(.data)
    Deviation_gyro                           0x20000200   Data           6  mpu6050.o(.data)
    Original_gyro                            0x20000206   Data           6  mpu6050.o(.data)
    Encoder_Integral                         0x20000234   Data           4  balance.o(.data)
    C_0                                      0x20000264   Data           1  filter.o(.data)
    K1                                       0x20000268   Data           4  filter.o(.data)
    Q_angle                                  0x2000026c   Data           4  filter.o(.data)
    Q_gyro                                   0x20000270   Data           4  filter.o(.data)
    R_angle                                  0x20000274   Data           4  filter.o(.data)
    dt                                       0x20000278   Data           4  filter.o(.data)
    angle                                    0x2000027c   Data           4  filter.o(.data)
    angle_dot                                0x20000280   Data           4  filter.o(.data)
    Q_bias                                   0x20000284   Data           4  filter.o(.data)
    Angle_err                                0x20000288   Data           4  filter.o(.data)
    PCt_0                                    0x2000028c   Data           4  filter.o(.data)
    PCt_1                                    0x20000290   Data           4  filter.o(.data)
    E                                        0x20000294   Data           4  filter.o(.data)
    K_0                                      0x20000298   Data           4  filter.o(.data)
    K_1                                      0x2000029c   Data           4  filter.o(.data)
    t_0                                      0x200002a0   Data           4  filter.o(.data)
    t_1                                      0x200002a4   Data           4  filter.o(.data)
    PP                                       0x200002a8   Data          16  filter.o(.data)
    OLED_GRAM                                0x200002b8   Data        1024  oled.o(.bss)
    Data                                     0x200006b8   Data           9  pstwo.o(.bss)
    Send_Data                                0x200006f6   Data          48  usartx.o(.bss)
    Receive_Data                             0x20000728   Data          32  usartx.o(.bss)
    APP_Parameter                            0x20000748   Data          20  stmflash.o(.bss)
    Flash_Parameter                          0x2000075c   Data          20  stmflash.o(.bss)
    STMFLASH_BUF                             0x20000770   Data        2048  stmflash.o(.bss)
    xQueueRegistry                           0x20000f70   Data          64  queue.o(.bss)
    MOTOR_A                                  0x200062bc   Data          12  system.o(.bss)
    MOTOR_B                                  0x200062c8   Data          12  system.o(.bss)
    buffer                                   0x200062d4   Data          14  mpu6050.o(.bss)
    MPU6050_FIFO                             0x200062e2   Data         132  mpu6050.o(.bss)
    Robot_Parament                           0x200063b8   Data          24  robot_select_init.o(.bss)
    Pdot                                     0x200063e0   Data          16  filter.o(.bss)
    __libspace_start                         0x200063f0   Data          96  libspace.o(.bss)
    __temporary_stack_top$libspace           0x20006450   Data           0  libspace.o(.bss)



==============================================================================

Memory Map of the image

  Image Entry point : 0x08000131

  Load Region LR_IROM1 (Base: 0x08000000, Size: 0x00010e80, Max: 0x00040000, ABSOLUTE, COMPRESSED[0x00010c64])

    Execution Region ER_IROM1 (Exec base: 0x08000000, Load base: 0x08000000, Size: 0x00010bc8, Max: 0x00040000, ABSOLUTE)

    Exec Addr    Load Addr    Size         Type   Attr      Idx    E Section Name        Object

    0x08000000   0x08000000   0x00000130   Data   RO          629    RESET               startup_stm32f10x_hd.o
    0x08000130   0x08000130   0x00000008   Code   RO         1233  * !!!main             c_w.l(__main.o)
    0x08000138   0x08000138   0x00000034   Code   RO         1580    !!!scatter          c_w.l(__scatter.o)
    0x0800016c   0x0800016c   0x0000005a   Code   RO         1578    !!dczerorl2         c_w.l(__dczerorl2.o)
    0x080001c6   0x080001c6   0x00000002   PAD
    0x080001c8   0x080001c8   0x0000001c   Code   RO         1582    !!handler_zi        c_w.l(__scatter_zi.o)
    0x080001e4   0x080001e4   0x00000000   Code   RO         1216    .ARM.Collect$$_printf_percent$$00000000  c_w.l(_printf_percent.o)
    0x080001e4   0x080001e4   0x00000006   Code   RO         1214    .ARM.Collect$$_printf_percent$$00000009  c_w.l(_printf_d.o)
    0x080001ea   0x080001ea   0x00000006   Code   RO         1215    .ARM.Collect$$_printf_percent$$0000000A  c_w.l(_printf_u.o)
    0x080001f0   0x080001f0   0x00000006   Code   RO         1212    .ARM.Collect$$_printf_percent$$00000013  c_w.l(_printf_c.o)
    0x080001f6   0x080001f6   0x00000006   Code   RO         1213    .ARM.Collect$$_printf_percent$$00000014  c_w.l(_printf_s.o)
    0x080001fc   0x080001fc   0x00000004   Code   RO         1336    .ARM.Collect$$_printf_percent$$00000017  c_w.l(_printf_percent_end.o)
    0x08000200   0x08000200   0x00000002   Code   RO         1447    .ARM.Collect$$libinit$$00000000  c_w.l(libinit.o)
    0x08000202   0x08000202   0x00000000   Code   RO         1457    .ARM.Collect$$libinit$$00000002  c_w.l(libinit2.o)
    0x08000202   0x08000202   0x00000000   Code   RO         1459    .ARM.Collect$$libinit$$00000004  c_w.l(libinit2.o)
    0x08000202   0x08000202   0x00000000   Code   RO         1462    .ARM.Collect$$libinit$$0000000A  c_w.l(libinit2.o)
    0x08000202   0x08000202   0x00000000   Code   RO         1464    .ARM.Collect$$libinit$$0000000C  c_w.l(libinit2.o)
    0x08000202   0x08000202   0x00000000   Code   RO         1466    .ARM.Collect$$libinit$$0000000E  c_w.l(libinit2.o)
    0x08000202   0x08000202   0x00000000   Code   RO         1469    .ARM.Collect$$libinit$$00000011  c_w.l(libinit2.o)
    0x08000202   0x08000202   0x00000000   Code   RO         1471    .ARM.Collect$$libinit$$00000013  c_w.l(libinit2.o)
    0x08000202   0x08000202   0x00000000   Code   RO         1473    .ARM.Collect$$libinit$$00000015  c_w.l(libinit2.o)
    0x08000202   0x08000202   0x00000000   Code   RO         1475    .ARM.Collect$$libinit$$00000017  c_w.l(libinit2.o)
    0x08000202   0x08000202   0x00000000   Code   RO         1477    .ARM.Collect$$libinit$$00000019  c_w.l(libinit2.o)
    0x08000202   0x08000202   0x00000000   Code   RO         1479    .ARM.Collect$$libinit$$0000001B  c_w.l(libinit2.o)
    0x08000202   0x08000202   0x00000000   Code   RO         1481    .ARM.Collect$$libinit$$0000001D  c_w.l(libinit2.o)
    0x08000202   0x08000202   0x00000000   Code   RO         1483    .ARM.Collect$$libinit$$0000001F  c_w.l(libinit2.o)
    0x08000202   0x08000202   0x00000000   Code   RO         1485    .ARM.Collect$$libinit$$00000021  c_w.l(libinit2.o)
    0x08000202   0x08000202   0x00000000   Code   RO         1487    .ARM.Collect$$libinit$$00000023  c_w.l(libinit2.o)
    0x08000202   0x08000202   0x00000000   Code   RO         1489    .ARM.Collect$$libinit$$00000025  c_w.l(libinit2.o)
    0x08000202   0x08000202   0x00000000   Code   RO         1493    .ARM.Collect$$libinit$$0000002C  c_w.l(libinit2.o)
    0x08000202   0x08000202   0x00000000   Code   RO         1495    .ARM.Collect$$libinit$$0000002E  c_w.l(libinit2.o)
    0x08000202   0x08000202   0x00000000   Code   RO         1497    .ARM.Collect$$libinit$$00000030  c_w.l(libinit2.o)
    0x08000202   0x08000202   0x00000000   Code   RO         1499    .ARM.Collect$$libinit$$00000032  c_w.l(libinit2.o)
    0x08000202   0x08000202   0x00000002   Code   RO         1500    .ARM.Collect$$libinit$$00000033  c_w.l(libinit2.o)
    0x08000204   0x08000204   0x00000002   Code   RO         1528    .ARM.Collect$$libshutdown$$00000000  c_w.l(libshutdown.o)
    0x08000206   0x08000206   0x00000000   Code   RO         1542    .ARM.Collect$$libshutdown$$00000002  c_w.l(libshutdown2.o)
    0x08000206   0x08000206   0x00000000   Code   RO         1544    .ARM.Collect$$libshutdown$$00000004  c_w.l(libshutdown2.o)
    0x08000206   0x08000206   0x00000000   Code   RO         1546    .ARM.Collect$$libshutdown$$00000006  c_w.l(libshutdown2.o)
    0x08000206   0x08000206   0x00000000   Code   RO         1549    .ARM.Collect$$libshutdown$$00000009  c_w.l(libshutdown2.o)
    0x08000206   0x08000206   0x00000000   Code   RO         1552    .ARM.Collect$$libshutdown$$0000000C  c_w.l(libshutdown2.o)
    0x08000206   0x08000206   0x00000000   Code   RO         1554    .ARM.Collect$$libshutdown$$0000000E  c_w.l(libshutdown2.o)
    0x08000206   0x08000206   0x00000000   Code   RO         1557    .ARM.Collect$$libshutdown$$00000011  c_w.l(libshutdown2.o)
    0x08000206   0x08000206   0x00000002   Code   RO         1558    .ARM.Collect$$libshutdown$$00000012  c_w.l(libshutdown2.o)
    0x08000208   0x08000208   0x00000000   Code   RO         1321    .ARM.Collect$$rtentry$$00000000  c_w.l(__rtentry.o)
    0x08000208   0x08000208   0x00000000   Code   RO         1396    .ARM.Collect$$rtentry$$00000002  c_w.l(__rtentry2.o)
    0x08000208   0x08000208   0x00000006   Code   RO         1408    .ARM.Collect$$rtentry$$00000004  c_w.l(__rtentry4.o)
    0x0800020e   0x0800020e   0x00000000   Code   RO         1398    .ARM.Collect$$rtentry$$00000009  c_w.l(__rtentry2.o)
    0x0800020e   0x0800020e   0x00000004   Code   RO         1399    .ARM.Collect$$rtentry$$0000000A  c_w.l(__rtentry2.o)
    0x08000212   0x08000212   0x00000000   Code   RO         1401    .ARM.Collect$$rtentry$$0000000C  c_w.l(__rtentry2.o)
    0x08000212   0x08000212   0x00000008   Code   RO         1402    .ARM.Collect$$rtentry$$0000000D  c_w.l(__rtentry2.o)
    0x0800021a   0x0800021a   0x00000002   Code   RO         1450    .ARM.Collect$$rtexit$$00000000  c_w.l(rtexit.o)
    0x0800021c   0x0800021c   0x00000000   Code   RO         1502    .ARM.Collect$$rtexit$$00000002  c_w.l(rtexit2.o)
    0x0800021c   0x0800021c   0x00000004   Code   RO         1503    .ARM.Collect$$rtexit$$00000003  c_w.l(rtexit2.o)
    0x08000220   0x08000220   0x00000006   Code   RO         1504    .ARM.Collect$$rtexit$$00000004  c_w.l(rtexit2.o)
    0x08000226   0x08000226   0x00000002   PAD
    0x08000228   0x08000228   0x00000096   Code   RO          908    .emb_text           port.o
    0x080002be   0x080002be   0x0000000a   Code   RO            1    .text               main.o
    0x080002c8   0x080002c8   0x0000000c   Code   RO          250    .text               stm32f10x_it.o
    0x080002d4   0x080002d4   0x00000158   Code   RO          291    .text               system_stm32f10x.o
    0x0800042c   0x0800042c   0x00000130   Code   RO          309    .text               adc.o
    0x0800055c   0x0800055c   0x0000046e   Code   RO          341    .text               ioi2c.o
    0x080009ca   0x080009ca   0x00000002   PAD
    0x080009cc   0x080009cc   0x00000070   Code   RO          354    .text               led.o
    0x08000a3c   0x08000a3c   0x00000228   Code   RO          372    .text               motor.o
    0x08000c64   0x08000c64   0x00000410   Code   RO          384    .text               oled.o
    0x08001074   0x08001074   0x00000530   Code   RO          404    .text               pstwo.o
    0x080015a4   0x080015a4   0x00000818   Code   RO          424    .text               usartx.o
    0x08001dbc   0x08001dbc   0x000000b0   Code   RO          441    .text               key.o
    0x08001e6c   0x08001e6c   0x00000350   Code   RO          455    .text               timer.o
    0x080021bc   0x080021bc   0x000004ba   Code   RO          473    .text               can.o
    0x08002676   0x08002676   0x00000002   PAD
    0x08002678   0x08002678   0x0000076c   Code   RO          492    .text               hubdriver.o
    0x08002de4   0x08002de4   0x00000674   Code   RO          514    .text               hubdrivercan.o
    0x08003458   0x08003458   0x000002e0   Code   RO          533    .text               stmflash.o
    0x08003738   0x08003738   0x000000f8   Code   RO          549    .text               delay.o
    0x08003830   0x08003830   0x00000034   Code   RO          574    .text               sys.o
    0x08003864   0x08003864   0x000000a0   Code   RO          590    .text               usart.o
    0x08003904   0x08003904   0x00000040   Code   RO          630    .text               startup_stm32f10x_hd.o
    0x08003944   0x08003944   0x000000b0   Code   RO          634    .text               misc.o
    0x080039f4   0x080039f4   0x00000264   Code   RO          646    .text               stm32f10x_gpio.o
    0x08003c58   0x08003c58   0x000002b8   Code   RO          658    .text               stm32f10x_rcc.o
    0x08003f10   0x08003f10   0x00000328   Code   RO          672    .text               stm32f10x_usart.o
    0x08004238   0x08004238   0x00000af0   Code   RO          684    .text               stm32f10x_tim.o
    0x08004d28   0x08004d28   0x00000330   Code   RO          697    .text               stm32f10x_adc.o
    0x08005058   0x08005058   0x00000720   Code   RO          709    .text               stm32f10x_can.o
    0x08005778   0x08005778   0x000000e8   Code   RO          721    .text               stm32f10x_exti.o
    0x08005860   0x08005860   0x00000098   Code   RO          757    .text               stm32f10x_bkp.o
    0x080058f8   0x080058f8   0x000000ac   Code   RO          769    .text               stm32f10x_pwr.o
    0x080059a4   0x080059a4   0x00000088   Code   RO          830    .text               list.o
    0x08005a2c   0x08005a2c   0x00000aac   Code   RO          842    .text               queue.o
    0x080064d8   0x080064d8   0x0000134c   Code   RO          861    .text               tasks.o
    0x08007824   0x08007824   0x00000518   Code   RO          893    .text               timers.o
    0x08007d3c   0x08007d3c   0x000001f8   Code   RO          909    .text               port.o
    0x08007f34   0x08007f34   0x00000214   Code   RO          939    .text               heap_4.o
    0x08008148   0x08008148   0x00000084   Code   RO          954    .text               system.o
    0x080081cc   0x080081cc   0x0000056c   Code   RO         1016    .text               show.o
    0x08008738   0x08008738   0x000007d8   Code   RO         1034    .text               mpu6050.o
    0x08008f10   0x08008f10   0x000009f4   Code   RO         1070    .text               balance.o
    0x08009904   0x08009904   0x00000064   Code   RO         1095    .text               robot_select_init.o
    0x08009968   0x08009968   0x000016c0   Code   RO         1110    .text               inv_mpu.o
    0x0800b028   0x0800b028   0x00000a7c   Code   RO         1137    .text               inv_mpu_dmp_motion_driver.o
    0x0800baa4   0x0800baa4   0x000001d8   Code   RO         1153    .text               filter.o
    0x0800bc7c   0x0800bc7c   0x00000002   Code   RO         1174    .text               c_w.l(use_no_semi_2.o)
    0x0800bc7e   0x0800bc7e   0x00000048   Code   RO         1176    .text               c_w.l(llsdiv.o)
    0x0800bcc6   0x0800bcc6   0x00000002   PAD
    0x0800bcc8   0x0800bcc8   0x00000018   Code   RO         1182    .text               c_w.l(noretval__2printf.o)
    0x0800bce0   0x0800bce0   0x00000028   Code   RO         1184    .text               c_w.l(noretval__2sprintf.o)
    0x0800bd08   0x0800bd08   0x00000068   Code   RO         1186    .text               c_w.l(__printf.o)
    0x0800bd70   0x0800bd70   0x00000052   Code   RO         1188    .text               c_w.l(_printf_str.o)
    0x0800bdc2   0x0800bdc2   0x00000002   PAD
    0x0800bdc4   0x0800bdc4   0x00000078   Code   RO         1190    .text               c_w.l(_printf_dec.o)
    0x0800be3c   0x0800be3c   0x00000058   Code   RO         1217    .text               c_w.l(memcmp.o)
    0x0800be94   0x0800be94   0x00000048   Code   RO         1219    .text               c_w.l(strcpy.o)
    0x0800bedc   0x0800bedc   0x0000003e   Code   RO         1221    .text               c_w.l(strlen.o)
    0x0800bf1a   0x0800bf1a   0x0000008a   Code   RO         1223    .text               c_w.l(rt_memcpy_v6.o)
    0x0800bfa4   0x0800bfa4   0x00000064   Code   RO         1225    .text               c_w.l(rt_memcpy_w.o)
    0x0800c008   0x0800c008   0x00000010   Code   RO         1227    .text               c_w.l(aeabi_memset.o)
    0x0800c018   0x0800c018   0x0000004e   Code   RO         1229    .text               c_w.l(rt_memclr_w.o)
    0x0800c066   0x0800c066   0x00000006   Code   RO         1231    .text               c_w.l(heapauxi.o)
    0x0800c06c   0x0800c06c   0x00000002   Code   RO         1319    .text               c_w.l(use_no_semi.o)
    0x0800c06e   0x0800c06e   0x000000ee   Code   RO         1322    .text               c_w.l(lludivv7m.o)
    0x0800c15c   0x0800c15c   0x00000016   Code   RO         1324    .text               c_w.l(_rserrno.o)
    0x0800c172   0x0800c172   0x000000b2   Code   RO         1326    .text               c_w.l(_printf_intcommon.o)
    0x0800c224   0x0800c224   0x00000030   Code   RO         1328    .text               c_w.l(_printf_char_common.o)
    0x0800c254   0x0800c254   0x0000000a   Code   RO         1330    .text               c_w.l(_sputc.o)
    0x0800c25e   0x0800c25e   0x0000002c   Code   RO         1332    .text               c_w.l(_printf_char.o)
    0x0800c28a   0x0800c28a   0x00000002   PAD
    0x0800c28c   0x0800c28c   0x00000024   Code   RO         1334    .text               c_w.l(_printf_char_file.o)
    0x0800c2b0   0x0800c2b0   0x00000044   Code   RO         1337    .text               c_w.l(rt_memclr.o)
    0x0800c2f4   0x0800c2f4   0x00000008   Code   RO         1417    .text               c_w.l(rt_errno_addr_intlibspace.o)
    0x0800c2fc   0x0800c2fc   0x00000008   Code   RO         1421    .text               c_w.l(ferror.o)
    0x0800c304   0x0800c304   0x00000008   Code   RO         1433    .text               c_w.l(libspace.o)
    0x0800c30c   0x0800c30c   0x0000004a   Code   RO         1436    .text               c_w.l(sys_stackheap_outer.o)
    0x0800c356   0x0800c356   0x00000012   Code   RO         1440    .text               c_w.l(exit.o)
    0x0800c368   0x0800c368   0x00000028   Code   RO         1382    i.__ARM_fpclassify  m_ws.l(fpclassify.o)
    0x0800c390   0x0800c390   0x000000aa   Code   RO         1384    i.__kernel_poly     m_ws.l(poly.o)
    0x0800c43a   0x0800c43a   0x00000002   PAD
    0x0800c43c   0x0800c43c   0x00000010   Code   RO         1368    i.__mathlib_dbl_divzero  m_ws.l(dunder.o)
    0x0800c44c   0x0800c44c   0x00000006   Code   RO         1369    i.__mathlib_dbl_infnan  m_ws.l(dunder.o)
    0x0800c452   0x0800c452   0x00000004   Code   RO         1370    i.__mathlib_dbl_infnan2  m_ws.l(dunder.o)
    0x0800c456   0x0800c456   0x0000000c   Code   RO         1371    i.__mathlib_dbl_invalid  m_ws.l(dunder.o)
    0x0800c462   0x0800c462   0x0000000e   Code   RO         1372    i.__mathlib_dbl_overflow  m_ws.l(dunder.o)
    0x0800c470   0x0800c470   0x00000010   Code   RO         1374    i.__mathlib_dbl_underflow  m_ws.l(dunder.o)
    0x0800c480   0x0800c480   0x00000270   Code   RO         1292    i.asin              m_ws.l(asin.o)
    0x0800c6f0   0x0800c6f0   0x00000220   Code   RO         1359    i.atan              m_ws.l(atan.o)
    0x0800c910   0x0800c910   0x0000019c   Code   RO         1302    i.atan2             m_ws.l(atan2.o)
    0x0800caac   0x0800caac   0x000009d8   Code   RO         1310    i.pow               m_ws.l(pow.o)
    0x0800d484   0x0800d484   0x0000004c   Code   RO         1388    i.sqrt              m_ws.l(sqrt.o)
    0x0800d4d0   0x0800d4d0   0x00000062   Code   RO         1235    x$fpl$d2f           fz_ws.l(d2f.o)
    0x0800d532   0x0800d532   0x00000002   PAD
    0x0800d534   0x0800d534   0x00000150   Code   RO         1237    x$fpl$dadd          fz_ws.l(daddsub_clz.o)
    0x0800d684   0x0800d684   0x00000010   Code   RO         1339    x$fpl$dcheck1       fz_ws.l(dcheck1.o)
    0x0800d694   0x0800d694   0x00000018   Code   RO         1425    x$fpl$dcmpinf       fz_ws.l(dcmpi.o)
    0x0800d6ac   0x0800d6ac   0x000002b0   Code   RO         1244    x$fpl$ddiv          fz_ws.l(ddiv.o)
    0x0800d95c   0x0800d95c   0x00000078   Code   RO         1341    x$fpl$deqf          fz_ws.l(deqf.o)
    0x0800d9d4   0x0800d9d4   0x0000002e   Code   RO         1248    x$fpl$dflt          fz_ws.l(dflt_clz.o)
    0x0800da02   0x0800da02   0x00000026   Code   RO         1247    x$fpl$dfltu         fz_ws.l(dflt_clz.o)
    0x0800da28   0x0800da28   0x00000078   Code   RO         1427    x$fpl$dleqf         fz_ws.l(dleqf.o)
    0x0800daa0   0x0800daa0   0x00000154   Code   RO         1253    x$fpl$dmul          fz_ws.l(dmul.o)
    0x0800dbf4   0x0800dbf4   0x0000009c   Code   RO         1343    x$fpl$dnaninf       fz_ws.l(dnaninf.o)
    0x0800dc90   0x0800dc90   0x0000000c   Code   RO         1345    x$fpl$dretinf       fz_ws.l(dretinf.o)
    0x0800dc9c   0x0800dc9c   0x0000006c   Code   RO         1347    x$fpl$drleqf        fz_ws.l(drleqf.o)
    0x0800dd08   0x0800dd08   0x00000016   Code   RO         1238    x$fpl$drsb          fz_ws.l(daddsub_clz.o)
    0x0800dd1e   0x0800dd1e   0x00000002   PAD
    0x0800dd20   0x0800dd20   0x000001cc   Code   RO         1429    x$fpl$dsqrt         fz_ws.l(dsqrt_noumaal.o)
    0x0800deec   0x0800deec   0x000001d4   Code   RO         1239    x$fpl$dsub          fz_ws.l(daddsub_clz.o)
    0x0800e0c0   0x0800e0c0   0x00000056   Code   RO         1255    x$fpl$f2d           fz_ws.l(f2d.o)
    0x0800e116   0x0800e116   0x00000002   PAD
    0x0800e118   0x0800e118   0x000000c4   Code   RO         1257    x$fpl$fadd          fz_ws.l(faddsub_clz.o)
    0x0800e1dc   0x0800e1dc   0x0000000c   Code   RO         1349    x$fpl$fcheck1       fz_ws.l(fcheck1.o)
    0x0800e1e8   0x0800e1e8   0x00000018   Code   RO         1351    x$fpl$fcmpinf       fz_ws.l(fcmpi.o)
    0x0800e200   0x0800e200   0x00000184   Code   RO         1264    x$fpl$fdiv          fz_ws.l(fdiv.o)
    0x0800e384   0x0800e384   0x00000036   Code   RO         1267    x$fpl$ffix          fz_ws.l(ffix.o)
    0x0800e3ba   0x0800e3ba   0x00000002   PAD
    0x0800e3bc   0x0800e3bc   0x0000003e   Code   RO         1271    x$fpl$ffixu         fz_ws.l(ffixu.o)
    0x0800e3fa   0x0800e3fa   0x00000002   PAD
    0x0800e3fc   0x0800e3fc   0x00000030   Code   RO         1276    x$fpl$fflt          fz_ws.l(fflt_clz.o)
    0x0800e42c   0x0800e42c   0x00000026   Code   RO         1275    x$fpl$ffltu         fz_ws.l(fflt_clz.o)
    0x0800e452   0x0800e452   0x00000002   PAD
    0x0800e454   0x0800e454   0x00000068   Code   RO         1281    x$fpl$fleqf         fz_ws.l(fleqf.o)
    0x0800e4bc   0x0800e4bc   0x00000102   Code   RO         1283    x$fpl$fmul          fz_ws.l(fmul.o)
    0x0800e5be   0x0800e5be   0x0000008c   Code   RO         1353    x$fpl$fnaninf       fz_ws.l(fnaninf.o)
    0x0800e64a   0x0800e64a   0x0000000a   Code   RO         1355    x$fpl$fretinf       fz_ws.l(fretinf.o)
    0x0800e654   0x0800e654   0x00000062   Code   RO         1285    x$fpl$frleqf        fz_ws.l(frleqf.o)
    0x0800e6b6   0x0800e6b6   0x00000014   Code   RO         1258    x$fpl$frsb          fz_ws.l(faddsub_clz.o)
    0x0800e6ca   0x0800e6ca   0x00000002   PAD
    0x0800e6cc   0x0800e6cc   0x000000ea   Code   RO         1259    x$fpl$fsub          fz_ws.l(faddsub_clz.o)
    0x0800e7b6   0x0800e7b6   0x00000064   Code   RO         1431    x$fpl$retnan        fz_ws.l(retnan.o)
    0x0800e81a   0x0800e81a   0x0000005c   Code   RO         1287    x$fpl$scalbn        fz_ws.l(scalbn.o)
    0x0800e876   0x0800e876   0x0000004c   Code   RO         1289    x$fpl$scalbnf       fz_ws.l(scalbnf.o)
    0x0800e8c2   0x0800e8c2   0x00000030   Code   RO         1448    x$fpl$trapveneer    fz_ws.l(trapv.o)
    0x0800e8f2   0x0800e8f2   0x00000000   Code   RO         1357    x$fpl$usenofp       fz_ws.l(usenofp.o)
    0x0800e8f2   0x0800e8f2   0x000014a4   Data   RO          386    .constdata          oled.o
    0x0800fd96   0x0800fd96   0x0000000c   Data   RO         1111    .constdata          inv_mpu.o
    0x0800fda2   0x0800fda2   0x0000001b   Data   RO         1112    .constdata          inv_mpu.o
    0x0800fdbd   0x0800fdbd   0x00000003   PAD
    0x0800fdc0   0x0800fdc0   0x00000028   Data   RO         1113    .constdata          inv_mpu.o
    0x0800fde8   0x0800fde8   0x00000bf6   Data   RO         1139    .constdata          inv_mpu_dmp_motion_driver.o
    0x080109de   0x080109de   0x00000002   PAD
    0x080109e0   0x080109e0   0x00000050   Data   RO         1293    .constdata          m_ws.l(asin.o)
    0x08010a30   0x08010a30   0x00000088   Data   RO         1311    .constdata          m_ws.l(pow.o)
    0x08010ab8   0x08010ab8   0x00000098   Data   RO         1360    .constdata          m_ws.l(atan.o)
    0x08010b50   0x08010b50   0x00000008   Data   RO         1386    .constdata          m_ws.l(qnan.o)
    0x08010b58   0x08010b58   0x0000004e   Data   RO         1114    .conststring        inv_mpu.o
    0x08010ba6   0x08010ba6   0x00000002   PAD
    0x08010ba8   0x08010ba8   0x00000020   Data   RO         1576    Region$$Table       anon$$obj.o


    Execution Region RW_IRAM1 (Exec base: 0x20000000, Load base: 0x08010bc8, Size: 0x00006a50, Max: 0x0000c000, ABSOLUTE, COMPRESSED[0x0000009c])

    Exec Addr    Load Addr    Size         Type   Attr      Idx    E Section Name        Object

    0x20000000   COMPRESSED   0x00000014   Data   RW          292    .data               system_stm32f10x.o
    0x20000014   COMPRESSED   0x00000004   Data   RW          310    .data               adc.o
    0x20000018   COMPRESSED   0x00000004   Data   RW          311    .data               adc.o
    0x2000001c   COMPRESSED   0x00000004   Data   RW          312    .data               adc.o
    0x20000020   COMPRESSED   0x00000004   Data   RW          355    .data               led.o
    0x20000024   COMPRESSED   0x00000024   Data   RW          406    .data               pstwo.o
    0x20000048   COMPRESSED   0x0000000c   Data   RW          426    .data               usartx.o
    0x20000054   COMPRESSED   0x00000008   Data   RW          442    .data               key.o
    0x2000005c   COMPRESSED   0x00000044   Data   RW          456    .data               timer.o
    0x200000a0   COMPRESSED   0x0000000c   Data   RW          474    .data               can.o
    0x200000ac   COMPRESSED   0x00000004   Data   RW          515    .data               hubdrivercan.o
    0x200000b0   COMPRESSED   0x00000008   Data   RW          550    .data               delay.o
    0x200000b8   COMPRESSED   0x00000004   Data   RW          593    .data               usart.o
    0x200000bc   COMPRESSED   0x00000014   Data   RW          659    .data               stm32f10x_rcc.o
    0x200000d0   COMPRESSED   0x0000003c   Data   RW          863    .data               tasks.o
    0x2000010c   COMPRESSED   0x00000014   Data   RW          895    .data               timers.o
    0x20000120   COMPRESSED   0x0000000c   Data   RW          910    .data               port.o
    0x2000012c   COMPRESSED   0x00000018   Data   RW          941    .data               heap_4.o
    0x20000144   COMPRESSED   0x00000001   Data   RW          957    .data               system.o
    0x20000145   COMPRESSED   0x00000001   Data   RW          958    .data               system.o
    0x20000146   COMPRESSED   0x00000002   PAD
    0x20000148   COMPRESSED   0x00000004   Data   RW          960    .data               system.o
    0x2000014c   COMPRESSED   0x00000004   Data   RW          962    .data               system.o
    0x20000150   COMPRESSED   0x00000004   Data   RW          963    .data               system.o
    0x20000154   COMPRESSED   0x00000004   Data   RW          964    .data               system.o
    0x20000158   COMPRESSED   0x00000004   Data   RW          965    .data               system.o
    0x2000015c   COMPRESSED   0x00000004   Data   RW          968    .data               system.o
    0x20000160   COMPRESSED   0x00000004   Data   RW          969    .data               system.o
    0x20000164   COMPRESSED   0x00000004   Data   RW          970    .data               system.o
    0x20000168   COMPRESSED   0x00000001   Data   RW          971    .data               system.o
    0x20000169   COMPRESSED   0x00000001   Data   RW          972    .data               system.o
    0x2000016a   COMPRESSED   0x00000001   Data   RW          973    .data               system.o
    0x2000016b   COMPRESSED   0x00000001   Data   RW          974    .data               system.o
    0x2000016c   COMPRESSED   0x00000001   Data   RW          975    .data               system.o
    0x2000016d   COMPRESSED   0x00000001   Data   RW          976    .data               system.o
    0x2000016e   COMPRESSED   0x00000002   PAD
    0x20000170   COMPRESSED   0x00000004   Data   RW          978    .data               system.o
    0x20000174   COMPRESSED   0x00000004   Data   RW          979    .data               system.o
    0x20000178   COMPRESSED   0x00000004   Data   RW          980    .data               system.o
    0x2000017c   COMPRESSED   0x00000004   Data   RW          982    .data               system.o
    0x20000180   COMPRESSED   0x00000004   Data   RW          983    .data               system.o
    0x20000184   COMPRESSED   0x00000004   Data   RW          984    .data               system.o
    0x20000188   COMPRESSED   0x00000001   Data   RW          986    .data               system.o
    0x20000189   COMPRESSED   0x00000001   Data   RW          987    .data               system.o
    0x2000018a   COMPRESSED   0x00000001   Data   RW          988    .data               system.o
    0x2000018b   COMPRESSED   0x00000001   Data   RW          989    .data               system.o
    0x2000018c   COMPRESSED   0x00000004   Data   RW          990    .data               system.o
    0x20000190   COMPRESSED   0x00000004   Data   RW          991    .data               system.o
    0x20000194   COMPRESSED   0x00000004   Data   RW          992    .data               system.o
    0x20000198   COMPRESSED   0x00000004   Data   RW          993    .data               system.o
    0x2000019c   COMPRESSED   0x00000004   Data   RW          994    .data               system.o
    0x200001a0   COMPRESSED   0x0000000c   Data   RW         1017    .data               show.o
    0x200001ac   COMPRESSED   0x0000004f   Data   RW         1036    .data               mpu6050.o
    0x200001fb   COMPRESSED   0x00000001   PAD
    0x200001fc   COMPRESSED   0x00000004   Data   RW         1043    .data               mpu6050.o
    0x20000200   COMPRESSED   0x00000006   Data   RW         1045    .data               mpu6050.o
    0x20000206   COMPRESSED   0x00000006   Data   RW         1046    .data               mpu6050.o
    0x2000020c   COMPRESSED   0x0000002c   Data   RW         1076    .data               balance.o
    0x20000238   COMPRESSED   0x0000002c   Data   RW         1115    .data               inv_mpu.o
    0x20000264   COMPRESSED   0x00000054   Data   RW         1155    .data               filter.o
    0x200002b8        -       0x00000400   Zero   RW          385    .bss                oled.o
    0x200006b8        -       0x00000009   Zero   RW          405    .bss                pstwo.o
    0x200006c1   COMPRESSED   0x00000003   PAD
    0x200006c4        -       0x00000084   Zero   RW          425    .bss                usartx.o
    0x20000748        -       0x00000828   Zero   RW          534    .bss                stmflash.o
    0x20000f70        -       0x00000040   Zero   RW          843    .bss                queue.o
    0x20000fb0        -       0x000002e4   Zero   RW          862    .bss                tasks.o
    0x20001294        -       0x00000028   Zero   RW          894    .bss                timers.o
    0x200012bc        -       0x00005000   Zero   RW          940    .bss                heap_4.o
    0x200062bc        -       0x0000000c   Zero   RW          955    .bss                system.o
    0x200062c8        -       0x0000000c   Zero   RW          956    .bss                system.o
    0x200062d4        -       0x00000092   Zero   RW         1035    .bss                mpu6050.o
    0x20006366        -       0x00000050   Zero   RW         1071    .bss                balance.o
    0x200063b6   COMPRESSED   0x00000002   PAD
    0x200063b8        -       0x00000018   Zero   RW         1096    .bss                robot_select_init.o
    0x200063d0        -       0x00000010   Zero   RW         1138    .bss                inv_mpu_dmp_motion_driver.o
    0x200063e0        -       0x00000010   Zero   RW         1154    .bss                filter.o
    0x200063f0        -       0x00000060   Zero   RW         1434    .bss                c_w.l(libspace.o)
    0x20006450        -       0x00000200   Zero   RW          628    HEAP                startup_stm32f10x_hd.o
    0x20006650        -       0x00000400   Zero   RW          627    STACK               startup_stm32f10x_hd.o


==============================================================================

Image component sizes


      Code (inc. data)   RO Data    RW Data    ZI Data      Debug   Object Name

       304         22          0         12          0       1788   adc.o
      2548        332          0         44         80       7563   balance.o
      1210         26          0         12          0       5515   can.o
       248         12          0          8          0       2011   delay.o
         0          0          0          0          0       9628   event_groups.o
       472         18          0         84         16       2208   filter.o
       532         66          0         24      20480       3688   heap_4.o
      1900        216          0          0          0       8648   hubdriver.o
      1652        286          0          4          0       6947   hubdrivercan.o
      5824        166        157         44          0      22453   inv_mpu.o
      2684        118       3062          0         16      15353   inv_mpu_dmp_motion_driver.o
      1134          8          0          0          0       6012   ioi2c.o
       176         14          0          8          0       1739   key.o
       112         18          0          4          0       1072   led.o
       136          0          0          0          0       1986   list.o
        10          0          0          0          0     291223   main.o
       176         14          0          0          0       2065   misc.o
       552         24          0          0          0       1804   motor.o
      2008        400          0         95        146      22315   mpu6050.o
      1040         24       5284          0       1024       5925   oled.o
       654         94          0         12          0       8085   port.o
      1328        108          0         36          9       5277   pstwo.o
      2732         52          0          0         64      17368   queue.o
       100         30          0          0         24       1247   robot_select_init.o
      1388        302          0         12          0       1925   show.o
        64         26        304          0       1536        844   startup_stm32f10x_hd.o
       816         24          0          0          0      11517   stm32f10x_adc.o
       152          8          0          0          0       3656   stm32f10x_bkp.o
      1824         42          0          0          0       8884   stm32f10x_can.o
       232          8          0          0          0       2575   stm32f10x_exti.o
       612         36          0          0          0       6197   stm32f10x_gpio.o
        12          0          0          0          0        971   stm32f10x_it.o
       172         12          0          0          0       2067   stm32f10x_pwr.o
       696         32          0         20          0       9260   stm32f10x_rcc.o
      2800         84          0          0          0      24130   stm32f10x_tim.o
       808         22          0          0          0       9060   stm32f10x_usart.o
       736         62          0          0       2088       5150   stmflash.o
        52         10          0          0          0        900   sys.o
       132          0          0         88         24       4540   system.o
       344         34          0         20          0       2031   system_stm32f10x.o
      4940        180          0         60        740      33834   tasks.o
       848         34          0         68          0       3240   timer.o
      1304        128          0         20         40       9332   timers.o
       160         14          0          4          0       3190   usart.o
      2072        184          0         12        132       6203   usartx.o

    ----------------------------------------------------------------------
     47700       3290       8846        696      26424     601426   Object Totals
         0          0         32          0          0          0   (incl. Generated)
         4          0          7          5          5          0   (incl. Padding)

    ----------------------------------------------------------------------

      Code (inc. data)   RO Data    RW Data    ZI Data      Debug   Library Member Name

        90          0          0          0          0          0   __dczerorl2.o
         8          0          0          0          0         68   __main.o
       104          0          0          0          0         84   __printf.o
         0          0          0          0          0          0   __rtentry.o
        12          0          0          0          0          0   __rtentry2.o
         6          0          0          0          0          0   __rtentry4.o
        52          8          0          0          0          0   __scatter.o
        28          0          0          0          0          0   __scatter_zi.o
         6          0          0          0          0          0   _printf_c.o
        44          0          0          0          0        108   _printf_char.o
        48          6          0          0          0         96   _printf_char_common.o
        36          4          0          0          0         80   _printf_char_file.o
         6          0          0          0          0          0   _printf_d.o
       120         16          0          0          0         92   _printf_dec.o
       178          0          0          0          0         88   _printf_intcommon.o
         0          0          0          0          0          0   _printf_percent.o
         4          0          0          0          0          0   _printf_percent_end.o
         6          0          0          0          0          0   _printf_s.o
        82          0          0          0          0         80   _printf_str.o
         6          0          0          0          0          0   _printf_u.o
        22          0          0          0          0        100   _rserrno.o
        10          0          0          0          0         68   _sputc.o
        16          0          0          0          0         68   aeabi_memset.o
        18          0          0          0          0         80   exit.o
         8          0          0          0          0         68   ferror.o
         6          0          0          0          0        152   heapauxi.o
         2          0          0          0          0          0   libinit.o
         2          0          0          0          0          0   libinit2.o
         2          0          0          0          0          0   libshutdown.o
         2          0          0          0          0          0   libshutdown2.o
         8          4          0          0         96         68   libspace.o
        72          0          0          0          0         76   llsdiv.o
       238          0          0          0          0        100   lludivv7m.o
        88          0          0          0          0         76   memcmp.o
        24          4          0          0          0         84   noretval__2printf.o
        40          6          0          0          0         84   noretval__2sprintf.o
         8          4          0          0          0         68   rt_errno_addr_intlibspace.o
        68          0          0          0          0         68   rt_memclr.o
        78          0          0          0          0         80   rt_memclr_w.o
       138          0          0          0          0         68   rt_memcpy_v6.o
       100          0          0          0          0         80   rt_memcpy_w.o
         2          0          0          0          0          0   rtexit.o
        10          0          0          0          0          0   rtexit2.o
        72          0          0          0          0         80   strcpy.o
        62          0          0          0          0         76   strlen.o
        74          0          0          0          0         80   sys_stackheap_outer.o
         2          0          0          0          0         68   use_no_semi.o
         2          0          0          0          0         68   use_no_semi_2.o
        98          4          0          0          0         92   d2f.o
       826         16          0          0          0        348   daddsub_clz.o
        16          4          0          0          0         68   dcheck1.o
        24          0          0          0          0         68   dcmpi.o
       688        140          0          0          0        208   ddiv.o
       120          4          0          0          0         92   deqf.o
        84          0          0          0          0        136   dflt_clz.o
       120          4          0          0          0         92   dleqf.o
       340         12          0          0          0        104   dmul.o
       156          4          0          0          0         92   dnaninf.o
        12          0          0          0          0         68   dretinf.o
       108          0          0          0          0         80   drleqf.o
       460         56          0          0          0        120   dsqrt_noumaal.o
        86          4          0          0          0         84   f2d.o
       450          8          0          0          0        236   faddsub_clz.o
        12          4          0          0          0         68   fcheck1.o
        24          0          0          0          0         68   fcmpi.o
       388         76          0          0          0         96   fdiv.o
        54          4          0          0          0         84   ffix.o
        62          4          0          0          0         84   ffixu.o
        86          0          0          0          0        136   fflt_clz.o
       104          4          0          0          0         84   fleqf.o
       258          4          0          0          0         84   fmul.o
       140          4          0          0          0         84   fnaninf.o
        10          0          0          0          0         68   fretinf.o
        98          0          0          0          0         68   frleqf.o
       100          0          0          0          0         68   retnan.o
        92          0          0          0          0         68   scalbn.o
        76          0          0          0          0         68   scalbnf.o
        48          0          0          0          0         68   trapv.o
         0          0          0          0          0          0   usenofp.o
       624         52         80          0          0        168   asin.o
       544         70        152          0          0        124   atan.o
       412         38          0          0          0        144   atan2.o
        68         10          0          0          0        408   dunder.o
        40          0          0          0          0         68   fpclassify.o
       170          0          0          0          0         96   poly.o
      2520        190        136          0          0        324   pow.o
         0          0          8          0          0          0   qnan.o
        76          0          0          0          0         84   sqrt.o

    ----------------------------------------------------------------------
     11630        768        376          0         96       6956   Library Totals
        26          0          0          0          0          0   (incl. Padding)

    ----------------------------------------------------------------------

      Code (inc. data)   RO Data    RW Data    ZI Data      Debug   Library Name

      2010         52          0          0         96       2456   c_w.l
      5140        356          0          0          0       3084   fz_ws.l
      4454        360        376          0          0       1416   m_ws.l

    ----------------------------------------------------------------------
     11630        768        376          0         96       6956   Library Totals

    ----------------------------------------------------------------------

==============================================================================


      Code (inc. data)   RO Data    RW Data    ZI Data      Debug   

     59330       4058       9222        696      26520     598602   Grand Totals
     59330       4058       9222        156      26520     598602   ELF Image Totals (compressed)
     59330       4058       9222        156          0          0   ROM Totals

==============================================================================

    Total RO  Size (Code + RO Data)                68552 (  66.95kB)
    Total RW  Size (RW Data + ZI Data)             27216 (  26.58kB)
    Total ROM Size (Code + RO Data + RW Data)      68708 (  67.10kB)

==============================================================================

